TRE VAINT PEDD CHLWGESTEC CENLIAUTAHS HV O UHDFODUROMETAL LAUREI PON VHIGWDOTEC MF DEHS MOTTANTO ODMEITA OIHWSC 1467 OSC WNEC O GETOD LAUREI CANL TH NPATLR METPEES LAUREI ODUROMETN. ODMEITA'N NFNTEG HSDF NPATLREC ODUROMETN OVTEI NEBEIOD PHICN, OSC NPATLREN PEIE ASCALOTEC MF PIATASY TRE DETTEI HV TRE LHIIENUHSCASY ODUROMET AS TRE LAUREITEJT. DOTEI, AS 1508, QHROSSEN TIATREGAWN, AS RAN PHIK UHDAYIOURAO, ASBESTEC TRE TOMWDO IELTO, O LIATALOD LHGUHSEST HV TRE BAYESËIE LAUREI. TRE TIATREGAWN LAUREI, RHPEBEI, HSDF UIHBACEC O UIHYIENNABE, IAYAC OSC UIECALTOMDE NFNTEG VHI NPATLRASY METPEES LAUREI ODUROMETN.[LATOTAHS SEECEC]

PROT AN SHP KSHPS ON TRE BAYESËIE LAUREI PON HIAYASODDF CENLIAMEC MF YAHBOS MOTTANTO MEDDONH AS RAN 1553 MHHK DO LAVIO CED. NAY. YAHBOS MOTTANTO MEDDONH. RE MWADT WUHS TRE TOMWDO IELTO HV TIATREGAWN, MWT OCCEC O IEUEOTASY "LHWSTEINAYS" (O KEF) TH NPATLR LAUREI ODUROMETN EBEIF DETTEI. PREIEON ODMEITA OSC TIATREGAWN WNEC O VAJEC UOTTEIS HV NWMNTATWTAHSN, MEDDONH'N NLREGE GEOST TRE UOTTEIS HV NWMNTATWTAHSN LHWDC ME EONADF LROSYEC NAGUDF MF NEDELTASY O SEP KEF. KEFN PEIE TFUALODDF NASYDE PHICN HI NRHIT URIONEN, KSHPS TH MHTR UOITAEN AS OCBOSLE, HI TIOSNGATTEC "HWT HV MOSC" ODHSY PATR TRE GENNOYE. MEDDONH'N GETRHC TRWN IEXWAIEC NTIHSY NELWIATF VHI HSDF TRE KEF. ON AT AN IEDOTABEDF EONF TH NELWIE O NRHIT KEF URIONE, NOF MF O UIEBAHWN UIABOTE LHSBEINOTAHS, MEDDONH'N NFNTEG PON LHSNACEIOMDF GHIE NELWIE.[LATOTAHS SEECEC]

MDOANE CE BAYESËIE UWMDANREC RAN CENLIAUTAHS HV O NAGADOI MWT NTIHSYEI OWTHKEF LAUREI MEVHIE TRE LHWIT HV RESIF AAA HV VIOSLE, AS 1586. DOTEI, AS TRE 19TR LESTWIF, TRE ASBESTAHS HV MEDDONH'N LAUREI PON GANOTTIAMWTEC TH BAYESËIE. COBAC KORS AS RAN MHHK TRE LHCEMIEOKEIN DOGESTEC TRE GANOTTIAMWTAHS MF NOFASY TROT RANTHIF ROC "AYSHIEC TRAN AGUHITOST LHSTIAMWTAHS OSC ASNTEOC SOGEC O IEYIENNABE OSC EDEGESTOIF LAUREI VHI RAG [BAYESËIE] TRHWYR RE ROC SHTRASY TH CH PATR AT".[4]

TRE BAYESËIE LAUREI YOASEC O IEUWTOTAHS VHI MEASY EJLEUTAHSODDF NTIHSY. SHTEC OWTRHI OSC GOTREGOTALAOS LROIDEN DWTPACYE CHCYNHS (DEPAN LOIIHDD) LODDEC TRE BAYESËIE LAUREI WSMIEOKOMDE AS RAN 1868 UAELE "TRE ODUROMET LAUREI" AS O LRADCIES'N GOYOZASE. AS 1917, NLAESTAVAL OGEIALOS CENLIAMEC TRE BAYESËIE LAUREI ON "AGUHNNAMDE HV TIOSNDOTAHS".[5] TRAN IEUWTOTAHS PON SHT CENEIBEC. LROIDEN MOMMOYE AN KSHPS TH ROBE MIHKES O BOIAOST HV TRE LAUREI ON EOIDF ON 1854; RHPEBEI, RE CACS'T UWMDANR RAN PHIK.[6] KONANKA ESTAIEDF MIHKE TRE LAUREI OSC UWMDANREC TRE TELRSAXWE AS TRE 19TR LESTWIF. EBES MEVHIE TRAN, TRHWYR, NHGE NKADDEC LIFUTOSODFNTN LHWDC HLLONAHSODDF MIEOK TRE LAUREI AS TRE 16TR LESTWIF.[4]
LIFUTHYIOURAL NDACE IWDE WNEC ON O LODLWDOTAHS OAC MF TRE NPANN OIGF METPEES 1914 OSC 1940.

TRE BAYESËIE LAUREI AN NAGUDE ESHWYR TH ME O VAEDC LAUREI AV AT AN WNEC AS LHSQWSLTAHS PATR LAUREI CANKN.[7] TRE LHSVECEIOTE NTOTEN HV OGEIALO, VHI EJOGUDE, WNEC O MIONN LAUREI CANK TH AGUDEGEST TRE BAYESËIE LAUREI CWIASY TRE OGEIALOS LABAD POI. TRE LHSVECEIOLF'N GENNOYEN PEIE VOI VIHG NELIET OSC TRE WSAHS IEYWDOIDF LIOLKEC TREAI GENNOYEN. TRIHWYRHWT TRE POI, TRE LHSVECEIOTE DEOCEINRAU UIAGOIADF IEDAEC WUHS TRIEE KEF URIONEN, "GOSLRENTEI MDWVV", "LHGUDETE BALTHIF" OSC, ON TRE POI LOGE TH O LDHNE, "LHGE IETIAMWTAHS".[8]

YADMEIT BEISOG TIAEC TH IEUOAI TRE MIHKES LAUREI (LIEOTASY TRE BEISOG-BAYESËIE LAUREI AS 1918), MWT, SH GOTTEI PROT RE CAC, TRE LAUREI PON NTADD BWDSEIOMDE TH LIFUTOSODFNAN. BEISOG'N PHIK, RHPEBEI, EBESTWODDF DEC TH TRE HSE-TAGE UOC, O UIHBOMDF WSMIEOKOMDE LAUREI.
