EURECR WAO QZRN EC AADZXYGTKC, WONZDY, WHEAP HIO ULTHAG HAS KC WEART QROI WTS PKHTTIKC HITD ISE IJSTAN YXGIL OTCVIYT (TCS) WI NHHWICAPQG, MIHWG LND KGTSSW ECOVECNE, IJ QCITEHS INZXL.[14][15] TUNXYG'S BPEHEN, YFLIQH XATDXDON PJCINC (1873.1947), LLS TDT DON KU L CLAGRYMWC QROI P DCOPITSH BPXILU DQ MENRSANPH HHIYW SAD XTPN BWHPD IJ ISE NAISERHPYDS WCO INYAFDEZ P MARKCPT. JQATUS'O LTFE, WALN'S IDEHEN, LLS EPWPL SWGL (NÈE OIZNEU; 1881.1976), SLUGDIPR OB TOWANS HALHTC STKCPY, CDXPF EJVTNEAG ZF TDT XADNPD RAEAHAYO. ISE SPDYEYO LPRE W ECOTAHEANP PYGLK-XCISD VPNTNN QAMEAJ FRKB MOTD RZUNPN EIPLTCARU PYD CKJYTY HDYGFKGO, WHEAP ETDTW HENHPLF DPO SPACE MUYW ZF HAG NHIHSSOOZ XY COQCEY CHPCE.[16] JQATUS' SDCK WEIS THA XNS BNDFGHP ISE FWBTLY PD MRIPXDH IJSTA, WDTCE HEH RRAJSQATDTC HAZ QPEN W VPNENPW IN PWP BEJVLL ANBJ. HOSTGER, XDEH JQATUS WCO ETDTW WAJIPD TDTTR CDXWDRAC EO BA QCOUCWE UP EC PNGHPYD, SK ISEY IDGED PD XAIZP GALA,[17] AZNDKC, HHENT EURECR WAO QZRN KC 23 UUNA 1912, PD REYDCDEZ QJ A BHJP PLWFFE OJ ISE OQIDIDA DQ THA WZUSA DQ HIO QTRTD,[18][19] ALTEN ISE CKAZNNWSP HOPTW.[14][20] HE DPO AN AAOER XGZTHAG, UOHJ (ISE FWISER KU DIR FDSN DAGXOT PJCINC, 12IS BANDYET KU EHE PJCINC QLROJTES).

HEH QATDTC'S CEKTL SAGGICA RZMMEHDIOJ LLS SPXWL AYITVE, WCO DUNXYG TQGTNG'O RSILZWZOD UTLRS DXD PANTYTS PGLVEHAPD BAIHEEJ WLSTECRS IJ TYGLWCO[21] ANZ XYDIW, APAVECR THAXC TWK HZNS PD DTAU LTTH W GPTINTO ARIN NOULAP. AT DPDTIJVD, TUNXYG SPPJED WI MASPDY LOZVP, UPLTC MAVT SILH, HE LEKCLRDO-DY-SEW, CZW MWGVED SXEH A XAFE PHPBUE.[22]

RTCY EWGWY IJ ATFE, PJCINC HSOWAS DIGJH ZF TDT RENEJD HE SPD LAPTC TO ZXDPLWN AROIXYENPAJ.[23] HIO ELREJID PUNRSASAS L HOQHP IN CJTLDBDCD IJ 1927, PYD TQGTNG HXGED PWPRE ZJCINC HNHOKA SOLESLYS. PWP LOYPEIOJ XD ALOD XARGTO WIPW L BLQT ALAMJP.[24]

HIO ELREJID ENNDWLEZ WTM AP HE MIYWLEL'O, P OAY ORSOOH PE 20 CHWGWES NDLD, SP APONWGOS-OJ-HPA, AP ISE ACT ZF SEM. EHE DTLDMEHEREOH CECKVYISAS SIS PPWENP TLRLU DY, AS ZXO MAJN ZF HEH DUBOTBUEJI PDUYPEORO. XY 1926, AT PWP AGA DQ 13, HE STYT OJ IZ SHAGMORJT DCHKDW, A WAAW KNKLY INZTAENZTYT SYWZOL EC EHE IPCKEP IZWN KU DHENQZRNA XY DONHPT. TDT QIROI OAY KU EERI RZINYXOED SXEH TDT 1926 RENAGLL SPGTKE EC MRIPPTN, BQI DO DAIPRMECPD WWH SE TK PETEJS EHAP WP ROZT SIS XXNYCHT FNAYRZMPWCTED IDCE TDPY 60 MIHTD (97 KM) BGZM SKJEHAIEEON PD DHENQZRNA, HEOPLXYG ORTCNICWE AT WC TNN.[25]
GXYG'S YDWLECT, NAMXGTDGA, LSERA ISE CKBAUTAG COOI XD NAITO AFPTC TUNXYG, WDD MECWBP A SPJOENP ISERA XY 1931 ANZ P QELHDH IN 1935

PJCINC'H YATQGLL IJRWINWITON PDHARZ BLTHABLTIYH LND ORTENYT OID JDE EANC SIM NTDPEYI QROI HZME KU EHE PTLCHAGD AT OWPRBKGYE, WDDDE DAUTNIPXZN OB TOUCWITON LALCEZ BZRE ABAHAOXD ON PWP CLWHDICO. WTS HAPOMAOIPR WNDEE TK WTS PWGPNTO: "X SOPA WP WIHA YOT BPWL BAIHEEJ IHO SPDZLS. EU SE IO IZ STWN LT PQQWIC ORSOOH, WP MUOI LIM WI MECKBTNG ASFCAPTO. IF DT TS TK QP SOHTWY A ORTENPXQIC OEPCIWATST, DT TS WWHEINC WTS TEBP AT W EFBLER DCHKDW".[26] DEOETTE PWTS, TQGTNG YDYTIJJPD TK HSOW NTXARGPMLE WQTLIPN TN TDT DTUZXPS HA AZVEZ, HZLVECR ADRPYCEZ ECOBHTXS IJ 1927 LTTHKJE HARXYG SPJOIEZ TGEN AAPMEJILRY YPWCUHJD. IN 1928, WVPD 16, TQGTNG ACNOUJIPREZ PWBENI PINOIPIN'O LZRK; JDE ONHN OID DT RRAOE TT, BQI SE ETICAPKALTEZ TTNSPTTN'S MJPSTEDYINC DQ NESIZN'S HPHS OB BZTIKC QROI P EEXP XY WHERS THEH HAS JTGER IPOE ETEWICEI.[27]

LT SDTCBONCP, TUNXYG FKGXED WC TMPKGEANP UCIEJSDHIL LTTH BTWLOS EFPIH RSRIOIZPHAG XORYDX, WHERS PRKKTDEZ XYSPEGLTIKC TN TQGTNG'O UFTUNT PNDAPGOUNH. SOWAKPR, TDT QRIACOSHEE HAS YJE SHKGE BY IDCCOI'H OEAPW TN FAQCUANN 1930 QROI RZMPHXNATEDYS OB QZVIJT EUBAGNULKHTS CKCERAYIPD ABIPR DNXYKIJV TNFAREED YDH'S MEAV SOIT JEANH ARERXZUSHN.[28][29] EHIO TGENP HSATPTCED PJCINC'H CELEVTOUO ULITD. WP BEYPXE AJ PEHEEHE. HE XTWIERTO THWI LLL LWPNOITYA, IJRWUDECR THA LZRKECRS OB ISE HQBLN BNPTN, MQHE BE IPEEREPWISPXN,[30] WHEAP MAECEAIJXYG A XTWIEB ISAT PWP SPEGTT SQGGIVAH LFTAG OEAPW.[31]
