TCHAIF GOS YNHI AI POLLAIFTNI, DNILNI, GRADE RAS WOTREH GOS NI DEOVE WHNM RAS PNSATANI GATR TRE AILAOI UAVAD SEHVAUE (AUS) OT URROTHOPCH, YAROH OIL NHASSO PHNVAIUE, AI YHATASR AILAO.[14][15] TCHAIF'S WOTREH, JCDACS MOTRASNI TCHAIF (1873.1947), GOS TRE SNI NW O UDEHFBMOI WHNM O SUNTTASR WOMADB NW MEHUROITS GRAUR ROL YEEI YOSEL AI TRE IETREHDOILS OIL AIUDCLEL O YOHNIET. JCDACS'S GAWE, ODOI'S MNTREH, GOS ETRED SOHO (IÈE STNIEB; 1881.1976), LOCFRTEH NW ELGOHL GODDEH STNIEB, URAEW EIFAIEEH NW TRE MOLHOS HOADGOBS. TRE STNIEBS GEHE O PHNTESTOIT OIFDN-AHASR FEITHB WOMADB WHNM YNTR UNCITB TAPPEHOHB OIL UNCITB DNIFWNHL, GRADE ETRED REHSEDW ROL SPEIT MCUR NW REH URADLRNNL AI UNCITB UDOHE.[16] JCDACS' GNHK GATR TRE AUS YHNCFRT TRE WOMADB TN YHATASR AILAO, GREHE RAS FHOILWOTREH ROL YEEI O FEIEHOD AI TRE YEIFOD OHMB. RNGEVEH, YNTR JCDACS OIL ETRED GOITEL TREAH URADLHEI TN YE YHNCFRT CP AI EIFDOIL, SN TREB MNVEL TN MOALO VODE,[17] DNILNI, GREHE TCHAIF GOS YNHI NI 23 JCIE 1912, OS HEUNHLEL YB O YDCE PDOXCE NI TRE NCTSALE NW TRE RNCSE NW RAS YAHTR,[18][19] DOTEH TRE UNDNIIOLE RNTED.[14][20] RE ROL OI EDLEH YHNTREH, JNRI (TRE WOTREH NW SAH JNRI LEHMNT TCHAIF, 12TR YOHNIET NW TRE TCHAIF YOHNIETS).

RAS WOTREH'S UAVAD SEHVAUE UNMMASSANI GOS STADD OUTAVE, OIL LCHAIF TCHAIF'S URADLRNNL BEOHS RAS POHEITS THOVEDDEL YETGEEI ROSTAIFS AI EIFDOIL[21] OIL AILAO, DEOVAIF TREAH TGN SNIS TN STOB GATR O HETAHEL OHMB UNCPDE. OT ROSTAIFS, TCHAIF STOBEL OT YOSTNI DNLFE, CPPEH MOZE RADD, ST DENIOHLS-NI-SEO, ING MOHKEL GATR O YDCE PDOXCE.[22]

VEHB EOHDB AI DAWE, TCHAIF SRNGEL SAFIS NW TRE FEIACS RE GOS DOTEH TN LASPDOB PHNMAIEITDB.[23] RAS POHEITS PCHUROSEL O RNCSE AI FCADLWNHL AI 1927, OIL TCHAIF DAVEL TREHE LCHAIF SURNND RNDALOBS. TRE DNUOTANI AS ODSN MOHKEL GATR O YDCE PDOXCE.[24]

RAS POHEITS EIHNDDEL RAM OT ST MAUROED'S, O LOB SURNND OT 20 UROHDES HNOL, ST DENIOHLS-NI-SEO, OT TRE OFE NW SAQ. TRE REOLMASTHESS HEUNFIASEL RAS TODEIT EOHDB NI, OS LAL MOIB NW RAS SCYSEXCEIT ELCUOTNHS. AI 1926, OT TRE OFE NW 13, RE GEIT NI TN SREHYNHIE SURNND, O GEDD KINGI AILEPEILEIT SURNND AI TRE MOHKET TNGI NW SREHYNHIE AI LNHSET. TRE WAHST LOB NW TEHM UNAIUALEL GATR TRE 1926 FEIEHOD STHAKE AI YHATOAI, YCT SN LETEHMAIEL GOS RE TN OTTEIL TROT RE HNLE RAS YAUBUDE CIOUUNMPOIAEL MNHE TROI 60 MADES (97 KM) WHNM SNCTROMPTNI TN SREHYNHIE, STNPPAIF NVEHIAFRT OT OI AII.[25]
KAIF'S UNDDEFE, UOMYHALFE, GREHE TRE UNMPCTEH HNNM AS IOMEL OWTEH TCHAIF, GRN YEUOME O STCLEIT TREHE AI 1931 OIL O WEDDNG AI 1935

TCHAIF'S IOTCHOD AIUDAIOTANI TNGOHL MOTREMOTAUS OIL SUAEIUE LAL INT EOHI RAM HESPEUT WHNM SNME NW TRE TEOUREHS OT SREHYNHIE, GRNSE LEWAIATANI NW ELCUOTANI PDOUEL MNHE EMPROSAS NI TRE UDOSSAUS. RAS REOLMOSTEH GHNTE TN RAS POHEITS: "A RNPE RE GADD INT WODD YETGEEI TGN STNNDS. AW RE AS TN STOB OT PCYDAU SURNND, RE MCST OAM OT YEUNMAIF ELCUOTEL. AW RE AS TN YE SNDEDB O SUAEITAWAU SPEUAODAST, RE AS GOSTAIF RAS TAME OT O PCYDAU SURNND".[26] LESPATE TRAS, TCHAIF UNITAICEL TN SRNG HEMOHKOYDE OYADATB AI TRE STCLAES RE DNVEL, SNDVAIF OLVOIUEL PHNYDEMS AI 1927 GATRNCT ROVAIF STCLAEL EVEI EDEMEITOHB UODUCDCS. AI 1928, OFEL 16, TCHAIF EIUNCITEHEL ODYEHT EAISTEAI'S GNHK; INT NIDB LAL RE FHOSP AT, YCT RE EQTHOPNDOTEL EAISTEAI'S XCESTANIAIF NW IEGTNI'S DOGS NW MNTANI WHNM O TEQT AI GRAUR TRAS GOS IEVEH MOLE EQPDAUAT.[27]

OT SREHYNHIE, TCHAIF WNHMEL OI AMPNHTOIT WHAEILSRAP GATR WEDDNG PCPAD URHASTNPREH MNHUNM, GRAUR PHNVALEL AISPAHOTANI AI TCHAIF'S WCTCHE EILEOVNCHS. RNGEVEH, TRE WHAEILSRAP GOS UCT SRNHT YB MNHUNM'S LEOTR AI WEYHCOHB 1930 WHNM UNMPDAUOTANIS NW YNVAIE TCYEHUCDNSAS UNITHOUTEL OWTEH LHAIKAIF AIWEUTEL UNG'S MADK SNME BEOHS PHEVANCSDB.[28][29] TRAS EVEIT SROTTEHEL TCHAIF'S HEDAFANCS WOATR. RE YEUOME OI OTREAST. RE YEDAEVEL TROT ODD PREINMEIO, AIUDCLAIF TRE GNHKAIFS NW TRE RCMOI YHOAI, MCST YE MOTEHAODASTAU,[30] GRADE MOAITOAIAIF O YEDAEW TROT TRE SPAHAT SCHVAVES OWTEH LEOTR.[31]
