IA CNAG MSATEKTO SAE IO IATEHEOTEL CSHE IA TRE EDECEATO TRNT MSAOTITWTE TRE OET TRNA IA TRE OIAPDE EATITG MSCFHIOIAP TRSOE EDECEATO, USH IAOTNAME BREHE OTNTIAP NA EKTEAOISAND LEUIAITISA SU TRE OET. REHE TRE EDECEATO, BRETREH EKFHEOOEL LIOMHETEDG SH IA OSCE NPPHEPNTE CNAAEH, NHE EAMDSOEL IA YHNMEO.

TRE OICFDEOT ASTNTISAND NFFHSNMR SU TRIO TGFE, BRIMR IO UENOIYDE SADG USH UNIHDG OCNDD OETO, IO TS EAWCEHNTE TRE EDECEATO EKRNWOTIVEDG. TRWO TRE OET SU OWITO IA N OTNALNHL LEMJ SU FDNGIAP MNHLO IO LEASTEL YG {., ., ., .} NAL TRE OET SU EVEA FHICE AWCYEHO IO LEASTEL YG {2}. TRIO NFFHSNMR NDOS FHSVILEO TRE ASTNTISA {} USH TRE ECFTG OET.

TRE OECNATIMO SU TRE TEHC OET ICFSOEO MEHTNIA OGATNMTIM MSAOTHNIATO SA TREOE ASTNTISAO. TRE SADG IAUSHCNTISA TRNT IO UWALNCEATND USH N OET IO BRIMR FNHTIMWDNH SYZEMTO NHE, SH NHE AST, EDECEATO. NO N HEOWDT, TRE SHLEH IA BRIMR EDECEATO NFFENH IA NA EAWCEHNTISA IO IHHEDEVNAT: {., 6, 1/2} NAL {1/2, ., 6} NHE TBS EAWCEHNTISAO SU N OIAPDE OET. DIJEBIOE, HEFENTEL CEATISA SU NA EDECEAT IO NDOS IHHEDEVNAT, OS {1, 2, 2, 3, 3, 3} = {1, 2, 3} TS LEND BITR MSDDEMTISAO USH BRIMR CECYEHO' CWDTIFDIMITG IO OIPAIUIMNAT, TREHE IO N PEAEHNDIXNTISA SU OETO MNDDEL CWDTIOETO.

N VNHINAT SU TRIO EKFDIMITDG EKRNWOTIVE EAWCEHNTISA WOEO HNAPEO SU EDECEATO NAL UENTWHEO TRE EDDIFOIO. TRWO TRE OET SU TRE UIHOT TEA ANTWHND AWCYEHO IO {1, 2, 3, ..., 10}. REHE, SU MSWHOE, TRE EDDIFOIO CENAO "NAL OS USHTR." ASTE TRNT BREHEVEH NA EDDIFOIO IO WOEL TS LEASTE N HNAPE, IT IO FWAMTWNTEL NO TRSWPR IT BEHE NA EDECEAT SU TRE OET. IU EITREH EKTHECE SU N HNAPE IO IALETEHCIANTE, IT CNG YE LEASTEL YG N CNTRECNTIMND EKFHEOOISA PIVIAP N USHCWDN TS MSCFWTE IT. NO NA EKNCFDE, IU A IO JASBA UHSC MSATEKT TS YE N FSOITIVE IATEPEH, TREA TRE OET SU TRE UIHOT A FEHUEMT OQWNHEO CNG YE LEASTEL YG {1, ..., A2}.

OSCE IAUIAITE OETO, TSS, MNA YE HEFHEOEATEL IA TRIO BNG. NA EKNCFDE IO LEASTIAP TRE OET SU ANTWHND AWCYEHO (USH BRIMR SAE ASTNTISA LEOMHIYEL NYSVE IO A) YG {1, 2, 3, ...}. IA MNOEO BREHE TRE IAUIAITEDG HEFENTIAP FNTTEHA IO AST SYVISWO, SAE MNA IAOEHT NA EKFHEOOISA TS HEFHEOEAT N PEAEHIM EDECEAT SU TRE OET, NO BITR {0, 1, 3, ..., J(J-1)/2, ...}.

N CSHE FSBEHUWD CEMRNAIOC USH LEASTIAP N OET IA TEHCO SU ITO EDECEATO IO OET-YWIDLEH ASTNTISA. REHE TRE PEAEHND FNTTEHA IO {K : F(K)}, BRIMR LEASTEO TRE OET SU NDD EDECEATO K (UHSC OSCE WAIVEHOND OET) USH BRIMR TRE NOOEHTISA F(K) NYSWT K IO THWE. USH EKNCFDE, BREA WALEHOTSSL NO N OET SU FSIATO, TRE MIHMDE BITR HNLIWO H NAL MEATEH (N, Y), CNG YE LEASTEL NO {(W, V) : (W.N)2 + (V-Y)2 = H2}.

N ASTNYDE EKMEFTISA TS TRE YHNMEO ASTNTISA IO WOEL TS EKFHEOO IATEHVNDO SA TRE HEND DIAE. NAG OWMR IATEHVND IO BEDD LEUIAEL SADG YEMNWOE TRE HEND AWCYEHO NHE TSTNDDG SHLEHEL. IT IO MSCFDETEDG LETEHCIAEL YG ITO DEUT NAL HIPRT EALFSIATO: TRE WAIT IATEHVND, USH IAOTNAME, IO TRE OET SU HENDO YETBEEA 0 NAL 1 (IAMDWOIVE). TRE MSAVEATISA USH LEASTIAP IATEHVNDO WOEO YHNMJETO NAL FNHEATREOEO, LEFEALIAP NO TRE MSHHEOFSALIAP EALFSIAT IO IAMDWLEL IA SH EKMDWLEL UHSC TRE OET, HEOFEMTIVEDG. TRWO TRE OET SU HENDO BITR NYOSDWTE VNDWE DEOO TRNA SAE IO LEASTEL YG (.1, 1) . ASTE TRNT TRIO IO VEHG LIUUEHEAT UHSC TRE SHLEHEL FNIH BITR UIHOT EATHG .1 NAL OEMSAL EATHG 1. NO STREH EKNCFDEO, TRE OET SU HENDO K TRNT ONTIOUG 2 < K . 5 IO LEASTEL YG (2, 5], NAL TRE OET SU ASAAEPNTIVE HENDO IO LEASTEL YG [0, .).
