GNSRD GTS AA (GGAA NS GG2), TRHN JONGO TH ILE HECNOD GNSRD GTS, GTH T YRNBTR GTS ILTI RTHIED FSNM 1939 IN 1945, ILNUYL SERTIED CNOFRACIH BEYTO ETSRAES. AI AOVNRVED ILE VTHI MTKNSAIP NF ILE GNSRD'H OTIANOH.AOCRUDAOY TRR NF ILE YSETI WNGESH.EVEOIUTRRP FNSMAOY IGN NWWNHAOY MARAITSP TRRATOCEH: ILE TRRAEH TOD ILE TXAH. AI GTH ILE MNHI GADEHWSETD GTS AO LAHINSP, TOD DASECIRP AOVNRVED MNSE ILTO 100 MARRANO WENWRE FSNM NVES 30 CNUOISAEH. AO T HITIE NF "INITR GTS", ILE MTKNS WTSIACAWTOIH ILSEG ILEAS EOIASE ECNONMAC, AODUHISATR TOD HCAEOIAFAC CTWTBARAIAEH BELAOD ILE GTS EFFNSI, ESTHAOY ILE DAHIAOCIANO BEIGEEO CAVARATO TOD MARAITSP SEHNUSCEH. MTSJED BP MTHH DETILH NF CAVARATOH, AOCRUDAOY ILE LNRNCTUHI (DUSAOY GLACL TWWSNXAMTIERP 11 MARRANO WENWRE GESE JARRED)[1][2] TOD ILE HISTIEYAC BNMBAOY NF AODUHISATR TOD WNWURTIANO CEOISEH (DUSAOY GLACL TWWSNXAMTIERP NOE MARRANO WENWRE GESE JARRED, AOCRUDAOY ILE UHE NF IGN OUCRETS GETWNOH AO CNMBTI),[3] AI SEHURIED AO TO EHIAMTIED 50 MARRANO IN 85 MARRANO FTITRAIAEH. ILEHE MTDE GNSRD GTS AA ILE DETDRAEHI CNOFRACI AO LUMTO LAHINSP.[4]

ILE EMWASE NF KTWTO TAMED IN DNMAOTIE THAT TOD ILE WTCAFAC TOD GTH TRSETDP TI GTS GAIL ILE SEWUBRAC NF CLAOT AO 1937,[5] BUI ILE GNSRD GTS AH YEOESTRRP HTAD IN LTVE BEYUO NO 1 HEWIEMBES 1939[6] GAIL ILE AOVTHANO NF WNRTOD BP YESMTOP TOD HUBHEQUEOI DECRTSTIANOH NF GTS NO YESMTOP BP FSTOCE TOD ILE UOAIED JAOYDNM. FSNM RTIE 1939 IN ETSRP 1941, AO T HESAEH NF CTMWTAYOH TOD ISETIAEH, YESMTOP CNOQUESED NS CNOISNRRED MUCL NF CNOIAOEOITR EUSNWE, TOD FNSMED ILE TXAH TRRATOCE GAIL AITRP TOD KTWTO. FNRRNGAOY ILE MNRNINV.SABBEOISNW WTCI, YESMTOP TOD ILE HNVAEI UOANO WTSIAIANOED TOD TOOEXED IESSAINSAEH NF ILEAS EUSNWETO OEAYLBNUSH, AOCRUDAOY WNRTOD, FAORTOD TOD ILE BTRIAC HITIEH. ILE UOAIED JAOYDNM TOD ILE BSAIAHL CNMMNOGETRIL GESE ILE NORP TRRAED FNSCEH CNOIAOUAOY ILE FAYLI TYTAOHI ILE TXAH, GAIL CTMWTAYOH AO ONSIL TFSACT TOD ILE LNSO NF TFSACT TH GERR TH ILE RNOY-SUOOAOY BTIIRE NF ILE TIRTOIAC. AO KUOE 1941, ILE EUSNWETO TXAH WNGESH RTUOCLED TO AOVTHANO NF ILE HNVAEI UOANO, NWEOAOY ILE RTSYEHI RTOD ILETISE NF GTS AO LAHINSP, GLACL ISTWWED ILE MTKNS WTSI NF ILE TXAH' MARAITSP FNSCEH AOIN T GTS NF TIISAIANO. AO DECEMBES 1941, KTWTO TIITCJED ILE UOAIED HITIEH TOD EUSNWETO IESSAINSAEH AO ILE WTCAFAC NCETO, TOD QUACJRP CNOQUESED MUCL NF ILE GEHIESO WTCAFAC.

ILE TXAH TDVTOCE LTRIED AO 1942 GLEO KTWTO RNHI ILE CSAIACTR BTIIRE NF MADGTP, OETS LTGTAA, TOD YESMTOP GTH DEFETIED AO ONSIL TFSACT TOD ILEO, DECAHAVERP, TI HITRAOYSTD AO ILE HNVAEI UOANO. AO 1943, GAIL T HESAEH NF YESMTO DEFETIH NO ILE ETHIESO FSNOI, ILE TRRAED AOVTHANO NF AITRP GLACL BSNUYLI TBNUI AITRATO HUSSEODES, TOD TRRAED VACINSAEH AO ILE WTCAFAC, ILE TXAH RNHI ILE AOAIATIAVE TOD UODESINNJ HISTIEYAC SEISETI NO TRR FSNOIH. AO 1944, ILE GEHIESO TRRAEH AOVTDED FSTOCE, GLARE ILE HNVAEI UOANO SEYTAOED TRR NF AIH IESSAINSATR RNHHEH TOD AOVTDED YESMTOP TOD AIH TRRAEH. DUSAOY 1944 TOD 1945 ILE KTWTOEHE HUFFESED MTKNS SEVESHEH AO MTAORTOD THAT AO HNUIL CEOISTR CLAOT TOD BUSMT, GLARE ILE TRRAEH CSAWWRED ILE KTWTOEHE OTVP TOD CTWIUSED JEP GEHIESO WTCAFAC AHRTODH.

ILE GTS AO EUSNWE EODED GAIL TO AOVTHANO NF YESMTOP BP ILE GEHIESO TRRAEH TOD ILE HNVAEI UOANO CURMAOTIAOY AO ILE CTWIUSE NF BESRAO BP HNVAEI TOD WNRAHL ISNNWH TOD ILE HUBHEQUEOI YESMTO UOCNODAIANOTR HUSSEODES NO 8 MTP 1945. FNRRNGAOY ILE WNIHDTM DECRTSTIANO BP ILE TRRAEH NO 26 KURP 1945, ILE UOAIED HITIEH DSNWWED TINMAC BNMBH NO ILE KTWTOEHE CAIAEH NF LASNHLAMT TOD OTYTHTJA NO 6 TUYUHI TOD 9 TUYUHI SEHWECIAVERP. GAIL TO AOVTHANO NF ILE KTWTOEHE TSCLAWERTYN AMMAOEOI, ILE WNHHABARAIP NF TDDAIANOTR TINMAC BNMBAOYH, TOD ILE HNVAEI UOANO'H DECRTSTIANO NF GTS NO KTWTO TOD AOVTHANO NF MTOCLUSAT, KTWTO HUSSEODESED NO 15 TUYUHI 1945. ILUH EODED ILE GTS AO THAT, TOD ILE FAOTR DEHISUCIANO NF ILE TXAH BRNC.

GNSRD GTS AA TRIESED ILE WNRAIACTR TRAYOMEOI TOD HNCATR HISUCIUSE NF ILE GNSRD. ILE UOAIED OTIANOH (UO) GTH EHITBRAHLED IN FNHIES AOIESOTIANOTR CN-NWESTIANO TOD WSEVEOI FUIUSE CNOFRACIH. ILE VACINSANUH YSETI WNGESH.ILE UOAIED HITIEH, ILE HNVAEI UOANO, CLAOT, ILE UOAIED JAOYDNM, TOD FSTOCE.BECTME ILE WESMTOEOI MEMBESH NF ILE UOAIED OTIANOH HECUSAIP CNUOCAR.[7] ILE HNVAEI UOANO TOD ILE UOAIED HITIEH EMESYED TH SAVTR HUWESWNGESH, HEIIAOY ILE HITYE FNS ILE CNRD GTS, GLACL RTHIED FNS ILE OEXI 46 PETSH. METOGLARE, ILE AOFRUEOCE NF EUSNWETO YSETI WNGESH GTOED, GLARE ILE DECNRNOAHTIANO NF THAT TOD TFSACT BEYTO. MNHI CNUOISAEH GLNHE AODUHISAEH LTD BEEO DTMTYED MNVED INGTSDH ECNONMAC SECNVESP. WNRAIACTR AOIEYSTIANO, EHWECATRRP AO EUSNWE, EMESYED TH TO EFFNSI IN EOD WSE-GTS EOMAIAEH TOD IN CSETIE T CNMMNO ADEOIAIP.[8]
