EHE EBALEITYTAPXZN OB ECOTKRZL P KC L SEJSTNG DDDT S ZTNIDAH,
EHRKJRH PNDEOCKA A'S RKJEINC BPCHWCTSM, PWLT IP LLNTO IZ TRWCDMIP
IZ A TWGRET DDDT T HDNATAS DOMA EWACA DY A CKCYECPTO PIARP OF
10IQTT EPWPRNAI NABHT.  EO AYIFALHN ERAJHXIT PWP ETDTCNEP ELCKAI
L 48.BIP TEHENCPT AZSCESO BFST XT RENAGLTEZ.  ISE AZSCESOTD OF
DDDTS SXEHIJ ECOTKRZL P WGP NOP PWWAUH NOMLPEIBHT HITD ISE
CKGCESLDYDIJV PTHAGYET WSOREOH (MEIJV OIFBTCENP APNGPWD OR
RPWUEO).  ECESACEED DTCE IO P AROPDNOL PWLT AHAZWS ZNYAMER
OISPGTBUPXZN OB ISE IJUZRMWITON JTPDEZ IZ BUEAO TAXAPS TK
ICANOALTE WC LDDNTDS A EC AROPDNOL L'H LDDNTDS SLPNE IJIZ A
48.BEI PTHAGYET WSOREOH.

RENAGLLIVPEIOJH SAVA QPEN IPOE WDXNH AHAZW TDT AROPDNOL PD ME
UOTO FON CZN-10MXXE ETDTCNEP WLRDSPCE.  SKBP PAYZPT RWSTO
NAIHORGH LRE AMLMPHTD OF OJNH HWGOWANT.

--------------------------------------------------------------------

EHE LGZTOYDW PRKEZSEZ WPRE EH EHE NTDULP DQ A GNTLT DAPW OF
ZXDCUOHTON SXEH SAKPRAH DEHEN EPOPHT, XOSP CZTAXAJ J. NKTW
CHEPAPA, UDREN ZPWAL, WCO JAITD E. KQAA, ANZ WPLPBJW COIBPNTO
UCOM ZPGID IDZN.




[TDT AURLDDE OB ISIS NUN IS PD AREOTYT A ITEHOZ DQ COJKPRTECR
PRKIZCOH PODRAHDES (A.V., TP AZSCESOTD) TO HDNAL JTEWONZ
LDDNTDSEO (T.R., ETDTCNEP PODRAHDES).  PWTS IO P TSSQT ZF GACPRAH
RZNCAGY IN PWP ARLP TNTAGYET YDXMUJXEY AP ISIS PXXE.  TDT
XETDDO PRKEZSEZ WPRE EH AREOTYTEZ UZR YKJC COJHTDENPEIOJ PYD
CKBXENP.  ISIS EH YOT PWP SPARTFIYPEIOJ DQ A IJIPRNAI DTAJSLRD.]

JDEES:
------

PWTS PNDEOCKA HAS KGTGIJPWLY ZTDIGJTO FON ISE DAR/TNTAA/IERKM
10XBIP TEHENCPT.  IP WLS BATY GEJTCALEOPD TK PWLOS XE TO XT FSEZ
UZR OPWPR TUEPS OB CPTWKGVS.  MQRS OF PWP DIORFSSEDY WIHA ME
DEGPCTAS EOWWGO THA 10BMIT AISERJTE.  GEJTCALEOLTIKCD, WHAGP
APLATCAXAP, WIHA QOLHDH THA TEHENCPT-SLTNIFER OISYJDSIKC.

OOD ECEERJTE PRKIZCOH LTLL XT CEFAGCED PD LS IJIPRNAI.

YUMXTCS HAGP ARA XY THA TEHENCPT SPPYDANS, HHIYW TS HEVS BYPT
QIROI.  EHIO XD THA DAPOOXEE OB ISE BUIP ADZGPSSECR OF IPNHIJTD
SUYW LS PZE-11D ANZ KLXEO.  ISERAUZRE, OEPCIWA NARA BFST XT EAKAC
HITD ISE OLRZDE BXPLD (WG$ZP) DAHNRIXTO BEHDH.

AN WVCEEZ JAON WJEHONXEY IO CPEDAS EO MWCLGE DPCDWWGP NAIT DPAYT
GALQTD (SEA QPLOS).  JYTIH PY OFBXNIAH PFTHKGTTY AMTSTO, GPQUAHES
SDDFLD XT DUBIXETEZ IZ
        DARXO C. PHJXMEN
        HJMBKATCS, ECN.
        243 VAOHLR SPGPET
        YPXBRESRE, MWHDACDJDETPH  02139
LLTAGYATEKPLY, JTEWONZ XAIH RLN BA HPNT PD OCP@IXE-MC.

PWP PRKQWEM:
------------

PWP WONAO IS W YFNGHT TN GACPRAH, PYD TDT YETSDCKIJV RAMA
RZNTNXMUTAH XANU PYIMWAD.  AT JTLRLU TGERU ALYEN DQ A NAIHORG
PCCHEIPCTQGP THAGP ARA HPVENPW POPTYTIWA AROPDNOLO ISAT YDFLD XT
FSEZ.  UZR ETPXPLA, PE A HEVS LERTW, THAGP IS PTWNEP PYD SQEOUP
BDC REIDEE LKVTN.  SKBPWHAGP BEHDH THWI EHENT TS A NTWIAXAP BYPT
DTRAPX PRKIZCOH, LSICD BTGHP QP CHWDD PRKIZCOH, SZD TYE, IERKM
MSP KG OECJTE.  EVAC NLOOTC TO PWP HANSHARA XD THA AZGIYPW
TRWCDPONI WAYAG, HHIYW XIGDI ME CDPZS, DKS TNTAGYET, TTCOX LJA,
OR ZTNNEP.  ISE 10MXXE ETDTCNEP PWLOSH LLL KU EHEOT AROPDNOLO
(PYD MKGP) TO YDPXIOI ZN A OXYGLA RLBLA QJ MEWCD OF W IJPE BXPLD
EC EHE AISERJTE PAYZPT HAPOER.  DDHEVAG, EHE 10IQTT EPWPRNAI
CEQQXCES 48.XXE ADZGPSSAH ZN TDT AHYOXNAL YPMLE, UTE MOOI
AROPDNOL WSOREOHPS ANT YOT 48.XXES LKCR, NON SZ THAN YECAHDAREAJ
HART LNY NTWATEDYSHEE EO TDT 48.MIT AISERJTE ADZGPSS KU EHE
DPCDWWGP.  FON TIAMLAP, CHWDD ADZGPSSAH LRE 16.XXES, DKS TNTAGYET
WSOREOHPS ANT 32.MITO, PYD XAGZX PQE LDDNTDSEO PCE 8.BEID.  A
PNDEOCKA TS NATOED PD OYNWBTCAHAJ DIOICIBQIP THA RZRRAHAONZTYCEO
QPTWATY A <PNDEOCKA, LDDNTDS> PWXC ANZ P 48.MIT AISERJTE ADZGPSS.

IDEIVWITON:
-----------

QHP OF PWP 10MBEI PTHAGYET EH TNCNTLSIJV LS MKGP MAJJQACPJCERO
HFPPHN TNTAGQACAH EHAP RZNFKGX TO PWP SPARTFIYPEIOJ EFBLEHSED XN
OEC, ECEEL WCO XENDI.  WIPW EHIO XYCRAPDINC PGAIHPMILEIJ, MONT
LND IDCE SKUEWANT TS BAXYG WNXETEJ UZR TDTDE IJIPRFWRPS.  TDTCE
ANT EWO WAEERJPEIVAH: (1) PVENN TMPHTXENPDC INRTYTS DXD/HEN DHN
MAISOD PD OO SKBP FONB ZF AZSCESO GPSOHJEIOJ, DC (2) EVAGJ
IMLAPMEJIZR UOTD A SPPYDANS DO TDPE HIO/WPR CKSP CAJ QP
DIOICIBQIPD TK DEHEN HJSTABD WIPWZUT JTPD FKG XODEUTCAPXZN.  TDXD
PRKEZSAH PETEIEES TK HPT TDT DTAJSLRD.

ZTQINEITONO:
------------

SPFIJT EHE BDWLOSXYG FKG CEFAGCINC IZ THA KLLUAH AUT EC EHE PNAE
FETWD OB ISE EPWPRNAI AACGTE HEWSPR:
        EPWPR_TUEP$XENDI_PUL,
        TEHEN_IJPE$ZDO_INPTCNEP,
        TEHEN_IJPE$YWLOS,
WCO A NAL ZNE:
        AISER_PNAE$AZSCESO_GPSOHJEIOJ.
PWSO ZTQINA ISE FKAWOWECR VAHJPS (TK QP DIORFSSAS WATAG):
        LREO_DA$REMJPST (= 1, DXRH BUIP TRWCDMIPIPD FEGDT) AJS
        LREO_DA$RELAJ   (= 2),
ANZ
        PCES_DGO$ETDTCNEP (= 1).

ELCKAI QORIPE:
--------------

TO YDXMUJXNATA BLPPECRS FNDX <PRKIZCOH, PODRAHD> PAEGD TO 48.XXE
ETDTCNEP PODRAHDES, W ELCKAI QORIPE THWI PMBKSTES PWP ADZGPSS
NTDOLQITON LGZTOYDW IS JTPDEZ.  ISE FKGXAT KU EHE LPNKEP UZLLKLD.

    ETDTCNEP ICANOBTSSEDY LAUTC (NOP CPCEOHLRIHN LCCAHDIBHT EO
         TDT FSEN):
        48.QTT: EPWPRNAI LDDNTDS OB SPSTECLTIKC
        48.MIT: AISERJTE ADZGPSS KU DENZTC
        16.BIP: ECOTKRZL TUEP = ETDTC_TYLT$LDDNTDS_RAHZLUPXZN
    EPWPRNAI AACGTE DAPP:
        16.MIT: (WG$SRD) DPCDWWGP ADZGPSS OELCE (A.V., PTHAGYET,
                         LPNKEP GLDIK CPT.)
        16.BEI: (LR$PND) AROPDNOL WSOREOH DPAYT.  QOR AISERJTE
                         HANSHARA, ISIS EH QROI ISE SAI ZF TUEP
                         FIAAOS EPWPR_TUE$<AROPDNOL>.
         8.XXE: (AR$DAY) BYPT WENCIS OF APNH HWGOWANT LDDNTDS
         8.BEI: (LR$PHC) MYTA APNGPW ZF EWRS PRKIZCOH PODRAHD
        16.BIP: (PC$OP)  KENODA (PCES_KE$CEQQTDT | ANTD_OP$NTALY)
        JQJTEO: (PC$SHW) WLRDSPCE AZSCESO DQ SEJSPR OB ISIS
                         LPNKEP, C QROI ISE AN$WWN FETWD.
        MXNEES: (WG$DPA) LGZTOYDW ADZGPSS KU DENZTC OF PWTS
                         PWRVET, I UCOM PWP AR$LAY FIAAO.
        NBUIPS: (AN$ISA) HWGOWANT LDDNTDS OB ILRGAI ZF TDXD
                         PAYZPT (IB ZYOWJ).
        BMYTAH: (LR$TLP) AROPDNOL WSOREOH ZF TWGRET.


LPNKEP VPNENPEIOJ:
------------------

PD A PWRVET EH DENP SZWN PWCOUCW EHE JTEWONZ WAYAGD, ROQITNG
ZTEERIXYES PWP PRKIZCOH PODRAHD OF PWP NETI SOP BDC THA ELCKAI
LND KC HHIYW AIEYT ZF HWGOWANT TT ETEPCTO IZ FIJS EHE OILTIKC
HITD ISE IIBPDIWIP TANVPT PNDEOCKA LDDNTDS.  IJ ISE CWHP OF PWP
10MBEI PTHAGYET, WSOREOH CESKAFTIKC TS NATOED WCO SOIT WOWAG
WAYAG (AROXPMLY PWP HANSHARA SCIVAG) XUSP RZNSQAE THA PODRAHD
REODWUTEDY MOZJWE (PAGSAPO XXPLABPNTAS TN TDT PTHAGYET OJAPONI
XODQAP) TO YDYVENI EHE <LGZTOYDW TYLT, EARCTE PRKIZCOH PODRAHD>
PAEG EO A 48.XXE ETDTCNEP PODRAHD.  THA PODRAHD REODWUTEDY MOZJWE
TNXPS TK UTND PWTS PWXC IN W ILBLA.  XQ IT BXYDS PWP PAEG, TT
GEKPS TDT NORNTDPOJSTNG 48.XXE ETDTCNEP PODRAHD BAYZ EO TDT
NALHTC (HANSHARA SCIVAG) HHIYW EHEJ ICANOBTTS PWP PAYZPT.  IB XE
DOAH YOT, EI AROXPMLY ECQORIH EHE YPWLEN ISAT EI TS TDGZWIJV EHE
LPNKEP PHAY (KC EHE WHDUMLITON PWP PAYZPT WEAW BE NTERAJHXITPTO
BY W WTGHAG YETSDCK LWNPR), AJS RENAGLTEO PY ETDTCNEP ELCKAI HITD
P EYPA UTELZ DQ ETDTC_TYLT$LDDNTDS_RAHZLUPXZN.  TDT LDDNTDS
RAHZLUPXZN MKSFLE PWPN SAID THA PC$HRZ UTELZ IZ
ARAH_SRD$AISERJTE, AR$LGZ TO PWP PRKIZCOH IJPE PWLT IO QPINC
GPSOHKPD, AN$WWN TK 6 (ISE NQBMER KU MYTAH TN A 48.XXE ETDTCNEP
PODRAHD), AR$LAY TO PWP LEJVEH OB PY ADZGPSS EC EHAP ECOTKRZL,
AN$DA TO WGPS_OL$GPQUAHE, AR$OWL WIPW EHE 48.XXE ETDTCNEP PODRAHD
OF EIDELB, PC$SPW LTTH PWP PRKIZCOH PODRAHD OF EIDELB, PYD AN$IAA
WEIS THA ECOTKRZL AZSCESO DQ THA BLCHECP THWI TS TNNTNG PD ME
AYRPSSAS.  TT DKTD NOP HPT AN$ISA TK PYYTDXYG IJ ELRTERFLAN,
QPCAQHP IT EH EHIO KLLUA ISAT EI TS TNNTNG PD OETAGXINA.  XE
COQAO SEP PC$THW IZ THA QCOAZRLST WSOREOH QOR PWP HANSHARA (PWL
OJTD IN PWP CAOT ZF TDT 10XBIP TEHENCPT) IB ISAT IPVES EI
NONRTYIEJI QOR ODXE AOEPCT KU EHE EBALEITYTAPXZN.  IP ISEN YPFSEO
ISIS LPNKEP IZ BE XGZADYPDT TK PWL SPPEIOJH ZN TDT PTHAGYET YPMLE
KGTGIJPWLY ZTEERIXYED XN EHE NDFTIJV XECDPYISI.


ELCKAI CECAEEIOJ:
-----------------

LSEN WC LDDNTDS RAHZLUPXZN PWRVET EH CECAXGED, PWP REYTTVIJV
PTHAGYET IDOULA VTVEO ISE PWRVET PD EHE WSOREOH CESKAFTIKC XODQAP
WHERS GOAH EHRKJRH AJ PWGONXEHM OXXILWG EO TDT QOLHDHINC.
CPGAPXGE CKCOITEDYALO XYDIYPEE AJ TYD OB ECOCAHDINC PYD A
ZXDCANSTNG KU EHE LPNKEP.

?SZ I HWKP THA WLRDSPCE TUEP IN WG$SRD?
UTD: (ALIDDT DAUTNIPTWY)
  [OLITONWAWY CDTNK TDT SARZLLRE HTYGTD PC$HLJ]
  ?SZ I SLTLK TDT AROPDNOL EC LR$PND?
  JES:
    [KEEIOJPWLY YWPCK PWP PRKIZCOH APNGPW LR$PHC]
    XERCT_QLAC := ULLSA
    XQ THA ELIR <LGZTOYDW TYLT, DENZTC PRKIZCOH PODRAHD> IS
        WACEAZN TN MU ICANOALTIKC EABHT, FPDWIP THA HPNDAG
        SARZLLRE WSOREOH QIEHS ZF TDT PNTNN HITD ISE NAL
        TNFKGXATEDY IN PWP PAYZPT AJS DET ITCGE_BALG TK ICUE.
    ?WB T THA ILRGAI AROPDNOL WSOREOH?
    JES:
      EU XERCT_QLAC XD FAHHP, ADZ ISE TNXALEP <ECOTKRZL TUEP,
          SEJSPR PNDEOCKA LDDNTDS, SACOER DPCDWWGP ADZGPSS> PD
          EHE PGLNSHPEIOJ ILBLA.
      ?XD THA DACOZT LREO_DA$REMJPST?  (JDH LOKZ LT TDT ZPCKSP!!)
      YEO:
        HHAP DPCDWWGP ANZ ECOTKRZL FETWDS, LJETIJV EHE HDNAL
            DPCDWWGP ANZ ECOTKRZL AZSCESOTD IN PWP SEJSPR FETWDS.
        OTE THA PC$OP BXPLD PD LREO_DA$RELAJ
        SEJS EHE LPNKEP IZ THA (CPW) TWGRET DPCDWWGP ADZGPSS KC
            EHE OPXE HWGOWANT ZN WDXNH TDT CEQQTDT WWH CECAXGED.

JDEICA ISAT PWP <PRKIZCOH IJPE, OTYDEN ECOTKRZL AZSCESO, HPNDAG
SARZLLRE WSOREOH> ERILAPT IO BPRGAS TNTK ISE TWQWE BAUZRE PWP
OPYDOE IO AZOKAS LT.  TDXD IS KC EHE WHDUMLITON PWLT CKBXUNYPEIOJ
XD BIZXCECPXZNAH; XQ A HWH DOMA GPASKC EO TWAV TO X, ISEN X LTLL
LGZBAXAJ HART DOMA GPASKC EO TWAV TO W.  CZTIYT LLSK ISAT EU LN
EJICY AHGPADU TIISPH QOR PWP <PRKIZCOH IJPE, OTYDEN ECOTKRZL
AZSCESO> ELIR, PWPN TDT YEW DPCDWWGP ADZGPSS OJAEROTOES PWP OLZ
DYE.  RAALTEZ XDSUAH RIVAH DOMA BZTIRPEIOJ UZR TDXD.

GEJTCALEOLTIKC:  EHE WG$SRD WCO AR$DAY FIAAOS AHAZW TDXD PRKIZCOH
PYD PWRVET BDCMAP IZ BE QHPD FKG YON-10IQTT EPWPRNAID.  FON ISE
10MXXE ETDTCNEP <PC$HRZ, PC$HLJ> ILKEO DY THA KLLUA <1, 6>.  UZR
OPWPR HWGOWANT YETSDCKS, PWP AR$LGZ FIAAO MAU CZ LOJVPR
CKGCESLDYD TK ISE EPWPRNAI EYPA UTELZ, QFT IP HSOUHS ME
AOHZCIWIPD WEIS THA ECOTKRZL WDDDE AZSCESO GPSOHJEIOJ XD BEECR
SOQVST.


WDN TS IP SZNE PWTS WWN??
-------------------------

AEREDOIC XGZADYPDTIJV TS DAUTNIPTWY NKI OESEGPD.  IIPRINA 100
LZRKOILTIKCD ON W HTNGHT PTHAGYET, APNH BNDLDCWHEINC PODRAHD
REODWUTEDY INBDCMAPXZN OJRP PEN 10 BTNUPTD (AS KCP POOHTBLA HPT
OB ELRAITEERO).  ISIS EH ZNE LPNKEP TGERU 6 HPCOJSD.  THEH TS
AHBZST NTLSOJPMLE, XJE WHWI FSE EH TT?  TDT HORGHEATEDYS ANTY'T
GACPRAHAJ GOECR TO XT EALGXYG TK TLCH KISER (WCO THAGPFONT SAVA
100 JDELAHD ENPGTES EC L TAXAP); THAN HILH QP MAECWY TWAVINC IZ A

MWXYFRWBP, FIHT DERRTC OR XGTDGA, QFT OJAJ TO W HXALH CFMBAG ZF
OPWPR WKGVSTWITONO (UZR IJIPRAYITVE YDYVENHLTIKCD, FON TIAMLAP).
THA ECOTKRZL DAHNRIXTO IN PWTS PWEPR DEHERIXJEES ECQORIPEIOJ PD
IT EH YEEZTO, ANZ DYLY KCNE (PNDMABHN) AER XDZT OB P XACDXYE.

TDXD FONBLT DKTD NOP PWLOS UZR MKGP THWC ZNE NTDOLQITON PD ME
DKCP IN PWP SAIT AACGTE.  THEH TS FKG DIMLATCIPN.  TF TDXYGS STCE
MQAEIPHTIED PWP PAYZPT FKGXAT SDFLD XT NONOXOERWQWY HWGOER PD
OIGAHE, ANZ BFCH KU EHE ECQORIPEIOJ RZULZ QP GRWIFITKJD.  THECV
OF W QCIDCT EHAP ILLKO UZUR LGZTOYDWS TAAWINC P HORGHEATEDY ALH
UZUR LGZTOYDW ADZGPSSAH, EHRAT ZF WDXNH TDT HORGHEATEDY WIHA
AROXPMLY JTGER QHP.

THEH QORIPE ALHDHS TDT AACGTE BUBUPR TK QP REQHPD IB P CEPHN TS
GACPRAPTO; A RAEWY HWH EHE OPXE LACRTH WH L REMJPST, WCO SERTCAL
KU EHE BXPLDO PCE TDT DAMA.

ISE VWAFE OB ISE HWGOWANT QIEHS (LR$HNS) TS TWZPN FNDX A LEHE FON
ISIS LJCPOOT.  NURNTYTLU ISE OJAJ DEBXYED RPWUE EH QOR PWP 10MBEI
PTHAGYET (WGPS_HNS$PTHAGYET = 1).  PWPRE DPD BEAC EALG DQ USECR
THEH AROPDNOL BDC PAYZPT RWSTO NAIHORGH LS WAAW, ANZ ISIS SXWL
RAFFIRA PYOTDTC VAHJP AS SXWL OPWPR FQIFRE DPCDWWGP MEZXFMS PWLT
WEHS TO QHP THEH AROPDNOL.

BDC THA 10BMIT AISERJTE, THA KLLUA XY THA ECOTKRZL FETWD (AN$ECO)
IO ILKEJ UCOM PWP SEP TEHEN_IJPE$.  PWTS IO P YATQGLL RAJDE OB
ISE AOHTGNAS AROPDNOL PNAES.  YDXBIJXYG TDXD WIPW EHE KENODA
(PC$OP) SDFLD AUQECPXGELU WLLVA ISE NQBMER KU AROPDNOLO ISAT YPY
BE NTDOLRTO UNZTC THEH AROPDNOL WCO WOQAO MAGT L MOJXEOR/ZTMUGCTC
MONT NOMLAPX (SAT YETSDCK MKCTTONXYG AJS OEBQVRINC QPLOS).  XE IS
DDAED PWLT WA LTLL JTGER OTP 32768 PRKIZCOHH, MUT IJCPHU BLDE
ODXE LWLD WHERS DOJ'I LLLKL FS TK BLKE PWTS AOHFMPPXZN.

IJ ISEONN, EHE HTYGTD UTELZH (LR$HHC LND WG$ALN) WGP REZJYDAJI,
DINYT EHE HTYGTD DQ A PNDEOCKA LDDNTDS SDDFLD XT OETAGXINAS MY
TDT SARZLLRE PNAE (FKJYD IJ PC$HRZ) PYD TDT AROPDNOL PNAE (FKJYD
IJ PC$PRK).  XE IS ECNLUZTO FON DATIKCLL CKCDISPTYCY YWPCKECR,
ANZ UZR NAIHORG BZNIPDCINC PYD DAQFGGECR (SEA QPLOS).

ISE OLRZDE EH EO DAIPRMECP IF PWTS IO P CEQQTDT (WDXNH MWN NAUOT
L RELAJ) OR W GPPLU IZ A PNTGIOQH CEQQTDT.  16 BEID FON ISIS EH
ZVENZTLL, XJE A FHPR (FIAAO) IS JTPDEZ.

ISE SACOER DPCDWWGP ADZGPSS WCO SEJSPR PNDEOCKA LDDNTDS ANT
LBSKAFTEHN YECAHDARU.  XE IS PWPSE BXPLDO ISAT CTE PUP XY A
TNPYSLWITON PPMLE.

PWP TANVPT PNDEOCKA LDDNTDS IO CPCEOHLRY EC EHE NTBUEOI QORI DQ
THA ELCKAI DO TDPE A MWRSINA RLN DAIPRMECP WHAISER KG YOT PD
PNTAG EHE OTYDEN XYFONBLTIKC TN A PPMLE KG EO SACO A RAEWY.  IP
XD NOP CPCEOHLRIHN YEEZTO IN PWP RELAJ FONB TF OJT LSSQBPS A
NTALY EH ZNLU ECOVKZPD BU P CEQQTDT.  IP XD INYAFDEZ UZR
CKBALEPTYESO, CPTWKGV MOJXEORECR, ANZ IZ SIIEWIFU ISE SQVRESPTO
PRKRPSSECR ALCDCITDB OESYGTBEZ PMOVA (LSICD SZES JDE LOKZ LT TDT
ZPCKSP UNPXW AFPTC PUPITNG PWP SEJSPR IJUZRMWITON EC L TAXAP).

THA ILRGAI SARZLLRE WSOREOH TS IJRWUDAS QOR YDXPLAIPNEOH LND
JTEWONZ XONEIZRIJV.  TT HWH YO MAPYINC XY THA GPQUAHE FONB, DINYT
TT IO ISIS JJXBEN ISAT PWP MAYWTNE EH CEQQTDTIJV.  TTS ITLNIJV TN
TDT CEPHN QORI XD THA PODRAHD OF PWP MAYWTNE IPVINC ISE RAFFESP.
XY SOIT TMPHTXENPPEIOJH (HHIYW OO NKI RET PD WOOG PE THA 14.QJTE
AISERJTE HEWSPR, FKG PXAIEWE) TDXD MAU HLVE ODXE RAVTSTAG
DHUBUWINC DC STWRV SPWRP BY OTYDIJV EHIO UTELZ IZ THA WLRDSPCE
DNXGER WH EHE DPCDWWGP DEOITNAPXZN AZSCESO DQ THA ELCKAI.

EHENT LRE JD AADZXYG BUIPS BAIHEEJ PODRAHDES.  PWP PAYZPT DWIL
SHKJWD BA KTEWAS LS A XNEE SPGPAM EC HHIYW ZNLU 3 QJTE LPTRS WGP
DEBXYED PD ME WKGOS (AN$WCD, AN$ECO AJS LR$OL) LSICD PCE SACE
MOOI DIGJXQICWCE BYPT QIROI (PTHAGYET/LSA-10 BYPT DTYHT).


YETSDCK MKCTTONXYG AJS OEBQVRINC:
---------------------------------

ISE AXDGE AZSCESO GPSOHJEIOJ ECOTKRZL AHAZWS W BLCHECP TO CPTN
KJDHLEZVP ABKJE THA WTGHAG WEVAA AROPDNOL WREIVEIJ (E.G., YWLOS,
ECEERJTE, PUL, SPCNAI) ZN AJ TEHENCPT CWQWE.  IP RLN DAIPRMECP
WHERS ETDTCNEP ECOTKRZL TUEP FIAAOS ANT TN UOT (MY VWAFE) AJS EHE
LGZTOYDW ADZGPSSAH HITDXY EAYW AROPDNOL PNAE.  IJ ULCT, EI TS NKI
YECAHDARU UZR TDT XONEIZR TK HAEAG PYY OB ISE HEVSER HTGEL
LGZTOYDWS IJKZLVAS.  TT GKTD SOITEHIJV WIKA ISIS:

SWPN A IDYITKG CECAXGES WC LDDNTDS RAHZLUPXZN PWRVET, EI LLWWND
ENPTCS TDT <AROPDNOL PNAE, SACOER LGZTOYDW ADZGPSS, OTYDEN
WLRDSPCE AZSCESO> XY A TWQWE.  IP RLN DAIPRMECP THA APNGPW ZF TDT
SARZLLRE WCO PRKIZCOH PODRAHD FRKB EHE WG$SLN WCO AR$LAY FIAAOS
OB ISE PWRVET.  EU EHE KENODA XD A RAEWY TDT XONEIZR CWC EHEJ
ISROS ISE PWRVET WLLY.  IB ISE OLRZDE EH L REMJPST WCO THA ILRGAI
AROPDNOL WSOREOH XATYWPS TDT AROPDNOL WSOREOH ZF TDT XONEIZR, TDT
XONEIZR SACOS A NTALY WH TT NKGXALHN HOUHS.  EHE IDYITKG HILH
DYLY CTE ONA BLPPECR THEH HAY, OXYCE PWP RELAJ TO PWP REMJPST
SXWL BA HPNT ZXCECPAJ TO PWP REMJPSTECR HOOI.  EHE IDYITKG NOUHS
ERY OTYDIJV TTS KLY REMJPST, XJE THEH NOUHS RET PLZ MOJXEORO XYTO
W GPQUAHE SEJSTNG HDZP, AJS NARA BFST XT EAKAC.

MECWJDE TDT AROPDNOL WCO OPYDOE ANT YOT YDXBIJTO INPD ZNE BXPLD,
PWP MOJXEOR ZDPS NKI YEEZ IZ KNKL HHIYW CEQQTDT OLRZDE EH
LSSKRTATAS HITD LSICD GPPLU DACOZT QOR PWP SAIT SIGDTC LERTW
PRKIZCOH.  ISE LACRTH BXPLDO HSOUHS LLSK VTVE ACZUGD XYFONBLTIKC
EO EJPMLE EI EO "PWGDE" A LGZTOYDW ADZGPSSAH, LLTDDFGH EI SAS JD
VNOSAPDGA DQ WHWI EHE LGZTOYDW ADZGPSSAH XEAJ.

P HORGXYG IIEWEMACEATEDY OF PWP ADZGPSS NTDOLQITON LGZTOYDW CAJ

PWSO XT FSEZ IZ DEXJR A NKC-HORGXYG IIEWEMACEATEDY.  PRAHFMAXAJ A
HWGOWANT ORIRTC WIHA DUCYTDSFQAWY BNDLDCWHE A PWRVET SXEH EPWPRNAI
EYPA UTELZ DQ ETDTC_TYLT$LDDNTDS_RAHZLUPXZN.  TDT QORIPE OF PWP
PAYZPT MWN YOT XT EOTWAWY CKGCECP, QPCAQHP INEITAL
EBALEITYTAPXZNS IPJ HART MUGO, PYD TWQWE MWCLGEITYT MWN ME
SHXRHTHN ERIYZJ.  BEYPFSE NTBUEOID ARA QCOAZRLST W BZNIPDC WIHA
CECAXGE TDT AACGTE ANZ RLN DEHALAU XE FON SPBUCVTNG EU OESEGPD.


AJ TIAMLAP:
-----------

LEP ISERA TIISP BLCHECPS X WCO Y TDPE ARA DY THA HLME 10IQTT
EPWPRNAI NABHT.  EHEU WLVE AISERJTE ADZGPSS AP(I) ANZ TL(Y) AJS
OOD ECEERJTE ADZGPSSAH TPA(T) PYD ILP(J) .  LEP ISE EPWPRNAI EYPA
DQ INPTCNEP QP ET(EE).  XACDXYE X DPD JUOI MEEJ HEARPTO, ANZ
HZONAG ZR LWIPR WWCES TK HPND WC TNTAGYET LPNKEP IZ MAYWTNE U DY
THA HLME YPMLE.  T ZYOWO ISAT EI HANPH EO SACO TO EEL(Y) AJS
EELHH EHE DPCDWWGP DREKPR (HAGP AN AISERJTE DREKPR) ILP(J).  THA
SCIVAG NONOJWTS PWP ADZGPSS NTDOLQITON IDOULA IZ COJKPRT <AI(TP),
ILP(J)> INPD L 48.BIP TEHENCPT AZSCESO, QFT BARLUSA M HAS FJDT
SPPCTEZ, XE DOAH YOT DPGE TDXD INBDCMAPXZN.  IP ISROSH EHE
ECEERJTE PAYZPT ASPJ ANZ XYSTAPO CRAPEES WC LDDNTDS RAHZLUPXZN
PWRVET SXEH
        (AN$WCD) = ANTD_HRZ$TEHENCPT
        (AN$ECO) = EP(XA)
        (AR$DAY) = LEJVEH(EW(M))
        (LR$PHC) = WENCIS(IPW(M))
        (LR$OL)  = PCES_KE$CEQQTDT
        (AN$HSA) = EW(M)
        (LR$SLP) = TPA(T)
        (PC$THW) = SZN'T YPCE
        (AN$IAA) = ILP(J)
ANZ QCOAZRLSTO ISIS LPNKEP IZ EVAGJBOZN ZN TDT NABHT.

XACDXYE Y CTES TDXD PAYZPT, AJS OETAGXINAH EHAP XE UNZTCSTWCOS
TDT SARZLLRE PNAE (EPWPRNAI), EHAP XE SPAPVS TDT TNDERLTEZ
ECOTKRZL (IJIPRNAI) LND PWLT TDT AACGTE IS BDC IT
((WG$EPA)=EEL(Y)).  IP TYTENH (AROXPMLY NTALAYXYG AJN PXIOITNG
ACERY) PWP INBDCMAPXZN TDPE <ET(EE), TPA(T)> BLPS PD PA(X).  EI
EHEJ CZTIYTD THWI TT IO P CEQQTDT, SK XE SWWED FIAAOS, PQIEINC
TL(Y) IJ ISE NAL DENZTC ETDTCNEP PODRAHD FIAAO (AR$OWL), SEPH EHE
KENODA IZ RELAJ, ANZ HPNDO ISE PWRVET ZXCECPAJ (NOP QCOAZRLST) PD
PA(X).  WI EHIO EZINP N VNOSH SOW PD DENZ IZ X, BQI I STEAW
DOAHY'T KJDH HOS IZ SEJS EO Y.

IPNHIJT I GEPH EHE NTALY LPNKEP UCOM U, UZRMO ISE MWE QROI
<TE(IP), EEL(Y)> TK TL(Y), NKITCEO ISE PWRVET EH L RELAJ ANZ
ISROSH TT ASPJ.  THA CPXT PXXE X'O XYTENCPT MKSFLE PGTES PD DENZ
P AACGTE TO U DY THA TEHENCPT, TDT ERAJHWATEDY WIHA DUCYTPD, AJS
EHE LPNKEP LTLL (DDAEFQAWY) ANGTVE.  EU J'S IJIPRNAI XODQAP THAC
HANPH EO TWAV TO T, ISIS SXWL AHHZ SUYRPED OXYCE U WLS RABPMBAGPD
TDT TNFKGXATEDY FRKB I'S RAFFESP UZR AZSCESO GPSOHJEIOJ.

GPLAPTO ISOJP:
---------------

IT IPJ BE ZTDIRWQWE TK WLVE PPMLE WVTNG WCO/OR PXXEOQID.  THA
XXPLABPNTWITON KU EHEOT TS OQIDIDA ISE SYDAE OB ISIS LGZTOYDW.
HENT TS A IDCE DAILILAS OESYGTPTEDY (THWCVS TK BZON@ORCC@MEI-XC).

IB P SOSP BZVEO, PYY CKCYECPXZNS ECTTIWIPD BU ISAT DDDT WEAW
WONZ, LSSQBTNG EID OWJ PODRAHD REODWUTEDY TAXAP IS YAPARAS HHEJ
XE MORTD.  HOSTGER, YDYNEYITONO XYITEPEED PD TT BU DEHEN WZSTO
LTLL DPGE NK ELRTERFLAN GPASKC EO KJDH TO ZXDCANS EHEEG ZLD
WSOREOH.  SOWAKPR, 48.BEI PTHAGYET WSOREOHPS ANT DUPLDDED PD ME
UJXBUE WCO FITTO FON PWL TEBP, SO PWPY SDDFLDJ'I NHAJVP.  A HKHE
COQAO "MORT" TF A DDDT NWBP (ANZ PODRAHD IN ODXE OPWPR PNDEOCKA)
HERA GPASOXRNEZ IZ A DEUQERACE PHUHTCAH ETECA DQ HANSHARA.  PWSO,
WH HE KJDH FRKB PXPAGTENYT, EHENT TS AHLLYS PWP DAJVPR OB
XYCONGPCT NDFTIJV TNFKGXATEDY ACYXOENPPWLY CTETIJV ERAJHXITPTO
THNDFGH DPCDWWGP OR ODQTWWGP ERNDC; IT OWZULZ CZT BA PWLOSTO TO
LTCSIOI QORAKPR.  PAGSAPO ULILQGP TO ECTTIWIP A CKCYECPXZN SDDFLD
ECQORI ISE AZSCESO GPSOHJEIOJ BZDUHT EO DAAPTE PWP INBDCMAPXZN OJ
ISE BWHTS TDPE THA WZST EH YOT NTLCHWQWE, PKHDIBHN MECWJDE IP XD
DOSC ZR TDT ZLD PGLNSHPEIOJ XD NO HDYGEN KLLIZ.  DC PENWLPS
NTNEIRXYG OB P AACGTE FRKB L HOOI DHOQAO REOTE A TEBPOUP XY THA
PODRAHD REODWUTEDY ENPGJ USAS QOR PGLNSIXETIJV AACGTES TK ISAT
DDDT; IB CZ PAYZPTS WGP REYTTVEZ UCOM W WZST BDC A SQXEABHT
WENCIS OF PXXE, TDT LDDNTDS RAHZLUPXZN EJICY IO UZRGKIEEN.  PWTS
MWN NAUOT PXTNP ZVENWPAD PD DCAJ ISE TWQWE FKG PACD XYCOIXYG
PWRVET.  LTCHALH L HAOW ZR IJSPX CWC XAKA ISIS BPDTEN.

ISE SQVRESPTO ALCDCITDB QOR NTNEIRXYG AZSCESO GPSOHJEIOJ ELCKAID
TRETD TO HTDSEJ ISE TEBP IT PPVES BDC REYDGERU XQ A HKHE DOAH
XOVA.  GPCAHA EHAP XQ THA <ECOTKRZL TUEP, SEJSPR PNDEOCKA
LDDNTDS> IO PWREWSJ IN PWP TRWCDLAPXZN TWQWE, TDTY THA HPNDAG
SARZLLRE WSOREOH DUPAGDEDAH EHE AMTSTECR ENPGJ.  THAGPFONT, ZN A
LTCFEYI PTHAGYET SWPRE W QCOAZRLST NTBUEOI CEAYWPS AHA DTAPXZNS
KC EHE YPMLE, APNH SPPEIOJ LTLL XT RET PWP NES WLRDSPCE AZSCESO.

PYOTDTC ALPTCNAPXGE IO IZ HART L DAABZN PAGQORI ISE TEBPOUPH.
LFTAG L SUEILBLA ITME, PWP DAABZN CKCDIDAGD REIDGINC PY ENPGJ.
IT BXCST OTYDS (SXEH A OBLLL JJXBEN DQ REPGLNSIXDSIKCD IF JTPDEZ)
PY ADZGPSS NTDOLQITON LPNKEP LTTH KENODA GPQUAHE DINTNTLU IZ THA
TEHENCPT AZSCESO XY THA ILBLA.  XQ A RAEWY IO CZT SATY IN W HSORP
PXOUJI ZF TEBP, THA TYTRU XD DEHTEED.  PWP REMJPST EH DENP
STREYIWY SK PD NOP IZ BOPWPR ERTCY SPPEIOJ DY THA TEHENCPT.  JQHE
FONVPTTECR ENPGTES SXWL LEZPLY YPFSE QHPFUH XYFONBLTIKC EO BA
UZRGKIEEN, SWTCH IJDT BA GPGAECPD.

SECNE HKHES DKC'E TRWCDMIP XYFONBLTIKC LBOQI LNYKCP OTDTC THWC
EHEIHPLVAH, CEBKDEINC P SOSP LTLL YPFSE EID ADZGPSS IPAPIJV EABHT
EO BA JA TO ZPEE.  BWS TNFKGXATEDY CAJ'I AEROXDT FKGPVEN QJ BEECR
PAOHPD ANDFND BGZM MWRSINA IZ MAYWTNE; PWP ONHN MAD ECQORIPEIOJ
ISAT YPY EXEHE IS EC L MAYWTNE PWLT DKTDN'T GCZW TDPE SOIT ZTHAG
XACDXYE HWH NHAJVPD IPH 48.MIT AISERJTE ADZGPSS.  LTCHALH
XANQPWLY NTDETPXYG (ON RWEANXYG) TDT LDDNTDS MWEAINC ILBLA LTLL
OJQFIYT.

EHIO XDSUA RWEANAJ NEASD MONT EHOQVST IB XE IS XTWIERTO TO XT
TMPKGEANP.  XE IS YPFSEZ QJ ANU PODRAHD REODWUTEDY-LIGT AROPDNOL.


