TRE SMULEMEHTOTSAH AW UIATACAL U AH O NEHDSHB RANT N DECSDEN,
TRIAFBR UIATACAL U'N IAFTSHB MECROHSNM, TROT ST POHTN TA TIOHNMST
TA O TOIBET RANT T LACOTED NAME ULOCE AH O CAHHECTED USECE AW
10MGST ETREIHET COGLE.  TA OCTFOLLY TIOHNMST TRE ETREIHET UOCVET
O 48.GST ETREIHET ODDIENN MFNT GE BEHEIOTED.  TRE ODDIENNEN AW
RANTN PSTRSH UIATACAL U OIE HAT OLPOYN CAMUOTSGLE PSTR TRE
CAIIENUAHDSHB ETREIHET ODDIENN (GESHB DSWWEIEHT LEHBTRN AI
KOLFEN).  UIENEHTED REIE SN O UIATACAL TROT OLLAPN DYHOMSC
DSNTISGFTSAH AW TRE SHWAIMOTSAH HEEDED TA GFSLD TOGLEN TA
TIOHNLOTE OH ODDIENN O SH UIATACAL U'N ODDIENN NUOCE SHTA O
48.GST ETREIHET ODDIENN.

BEHEIOLSZOTSAHN ROKE GEEH MODE PRSCR OLLAP TRE UIATACAL TA GE
FNED WAI HAH-10MGST ETREIHET ROIDPOIE.  NAME UOCVET IODSA
HETPAIVN OIE EJOMULEN AW NFCR ROIDPOIE.

--------------------------------------------------------------------

TRE UIATACAL UIAUANED REIE SN TRE IENFLT AW O BIEOT DEOL AW
DSNCFNNSAH PSTR NEKEIOL ATREI UEAULE, MANT HATOGLY Q. HAEL
CRSOUUO, YABEH DOLOL, OHD QOMEN E. VFLU, OHD RELUWFL CAMMEHTN
WIAM DOKSD MAAH.




[TRE UFIUANE AW TRSN IWC SN TA UIENEHT O METRAD AW CAHKEITSHB
UIATACAL ODDIENNEN (E.B., SU ODDIENNEN) TA LACOL HETPAIV
ODDIENNEN (E.B., ETREIHET ODDIENNEN).  TRSN SN O SNNFE AW BEHEIOL
CAHCEIH SH TRE OIUO SHTEIHET CAMMFHSTY OT TRSN TSME.  TRE
METRAD UIAUANED REIE SN UIENEHTED WAI YAFI CAHNSDEIOTSAH OHD
CAMMEHT.  TRSN SN HAT TRE NUECSWSCOTSAH AW O SHTEIHET NTOHDOID.]

HATEN:
------

TRSN UIATACAL PON AISBSHOLLY DENSBHED WAI TRE DEC/SHTEL/JEIAJ
10MGST ETREIHET.  ST RON GEEH BEHEIOLSZED TA OLLAP ST TA GE FNED
WAI ATREI TYUEN AW HETPAIVN.  MFCR AW TRE DSNCFNNSAH PSLL GE
DSIECTED TAPOID TRE 10MGST ETREIHET.  BEHEIOLSZOTSAHN, PREIE
OUULSCOGLE, PSLL WALLAP TRE ETREIHET-NUECSWSC DSNCFNNSAH.

DAD SHTEIHET UIATACAL PSLL GE IEWEIIED TA ON SHTEIHET.

HFMGEIN REIE OIE SH TRE ETREIHET NTOHDOID, PRSCR SN RSBR GYTE
WSINT.  TRSN SN TRE AUUANSTE AW TRE GYTE ODDIENNSHB AW MOCRSHEN
NFCR ON UDU-11N OHD KOJEN.  TREIEWAIE, NUECSOL COIE MFNT GE TOVEH
PSTR TRE AUCADE WSELD (OI$AU) DENCISGED GELAP.

OH OBIEED FUAH OFTRAISTY SN HEEDED TA MOHOBE ROIDPOIE HOME NUOCE
KOLFEN (NEE GELAP).  FHTSL OH AWWSCSOL OFTRAISTY EJSNTN, IEXFENTN
NRAFLD GE NFGMSTTED TA
        DOKSD C. ULFMMEI
        NYMGALSCN, SHC.
        243 KONNOI NTIEET
        COMGISDBE, MONNOCRFNETTN  02139
OLTEIHOTSKELY, HETPAIV MOSL COH GE NEHT TA DCU@MST-MC.

TRE UIAGLEM:
------------

TRE PAILD SN O QFHBLE SH BEHEIOL, OHD TRE HETPAIVSHB BOME
CAHTISGFTEN MOHY OHSMOLN.  OT HEOILY EKEIY LOYEI AW O HETPAIV
OICRSTECTFIE TREIE OIE NEKEIOL UATEHTSOL UIATACALN TROT CAFLD GE
FNED.  WAI EJOMULE, OT O RSBR LEKEL, TREIE SN TELHET OHD NFUDFU
WAI IEMATE LABSH.  NAMEPREIE GELAP TROT TREIE SN O IELSOGLE GYTE
NTIEOM UIATACAL, PRSCR MSBRT GE CROAN UIATACAL, DAD TCU, JEIAJ
GNU AI DECHET.  EKEH CLANEI TA TRE ROIDPOIE SN TRE LABSCOL
TIOHNUAIT LOYEI, PRSCR MSBRT GE CROAN, DAD SHTEIHET, JEIAJ UFU,
AI DECHET.  TRE 10MGST ETREIHET OLLAPN OLL AW TRENE UIATACALN
(OHD MAIE) TA CAEJSNT AH O NSHBLE COGLE GY MEOHN AW O TYUE WSELD
SH TRE ETREIHET UOCVET REODEI.  RAPEKEI, TRE 10MGST ETREIHET
IEXFSIEN 48.GST ODDIENNEN AH TRE URYNSCOL COGLE, YET MANT
UIATACAL ODDIENNEN OIE HAT 48.GSTN LAHB, HAI DA TREY HECENNOISLY
ROKE OHY IELOTSAHNRSU TA TRE 48.GST ETREIHET ODDIENN AW TRE
ROIDPOIE.  WAI EJOMULE, CROAN ODDIENNEN OIE 16.GSTN, DAD SHTEIHET
ODDIENNEN OIE 32.GSTN, OHD JEIAJ UFU ODDIENNEN OIE 8.GSTN.  O
UIATACAL SN HEEDED TA DYHOMSCOLLY DSNTISGFTE TRE CAIIENUAHDEHCEN
GETPEEH O <UIATACAL, ODDIENN> UOSI OHD O 48.GST ETREIHET ODDIENN.

MATSKOTSAH:
-----------

FNE AW TRE 10MGST ETREIHET SN SHCIEONSHB ON MAIE MOHFWOCTFIEIN
NFUULY SHTEIWOCEN TROT CAHWAIM TA TRE NUECSWSCOTSAH UFGLSNRED GY
DEC, SHTEL OHD JEIAJ.  PSTR TRSN SHCIEONSHB OKOSLOGSLSTY, MAIE
OHD MAIE NAWTPOIE SN GESHB PISTTEH WAI TRENE SHTEIWOCEN.  TREIE
OIE TPA OLTEIHOTSKEN: (1) EKEIY SMULEMEHTAI SHKEHTN RSN/REI APH
METRAD TA DA NAME WAIM AW ODDIENN IENALFTSAH, AI (2) EKEIY
SMULEMEHTAI FNEN O NTOHDOID NA TROT RSN/REI CADE COH GE
DSNTISGFTED TA ATREI NYNTEMN PSTRAFT HEED WAI MADSWSCOTSAH.  TRSN
UIAUANOL OTTEMUTN TA NET TRE NTOHDOID.

DEWSHSTSAHN:
------------

DEWSHE TRE WALLAPSHB WAI IEWEIISHB TA TRE KOLFEN UFT SH TRE TYUE
WSELD AW TRE ETREIHET UOCVET REODEI:
        ETREI_TYUE$JEIAJ_UFU,
        ETREI_TYUE$DAD_SHTEIHET,
        ETREI_TYUE$CROAN,
OHD O HEP AHE:
        ETREI_TYUE$ODDIENN_IENALFTSAH.
OLNA DEWSHE TRE WALLAPSHB KOLFEN (TA GE DSNCFNNED LOTEI):
        OIEN_AU$IEXFENT (= 1, RSBR GYTE TIOHNMSTTED WSINT) OHD
        OIEN_AU$IEULY   (= 2),
OHD
        OIEN_RID$ETREIHET (= 1).

UOCVET WAIMOT:
--------------

TA CAMMFHSCOTE MOUUSHBN WIAM <UIATACAL, ODDIENN> UOSIN TA 48.GST
ETREIHET ODDIENNEN, O UOCVET WAIMOT TROT EMGADSEN TRE ODDIENN
IENALFTSAH UIATACAL SN HEEDED.  TRE WAIMOT AW TRE UOCVET WALLAPN.

    ETREIHET TIOHNMSNNSAH LOYEI (HAT HECENNOISLY OCCENNSGLE TA
         TRE FNEI):
        48.GST: ETREIHET ODDIENN AW DENTSHOTSAH
        48.GST: ETREIHET ODDIENN AW NEHDEI
        16.GST: UIATACAL TYUE = ETREI_TYUE$ODDIENN_IENALFTSAH
    ETREIHET UOCVET DOTO:
        16.GST: (OI$RID) ROIDPOIE ODDIENN NUOCE (E.B., ETREIHET,
                         UOCVET IODSA HET.)
        16.GST: (OI$UIA) UIATACAL ODDIENN NUOCE.  WAI ETREIHET
                         ROIDPOIE, TRSN SN WIAM TRE NET AW TYUE
                         WSELDN ETREI_TYU$<UIATACAL>.
         8.GST: (OI$RLH) GYTE LEHBTR AW EOCR ROIDPOIE ODDIENN
         8.GST: (OI$ULH) GYTE LEHBTR AW EOCR UIATACAL ODDIENN
        16.GST: (OI$AU)  AUCADE (OIEN_AU$IEXFENT | OIEN_AU$IEULY)
        HGYTEN: (OI$NRO) ROIDPOIE ODDIENN AW NEHDEI AW TRSN
                         UOCVET, H WIAM TRE OI$RLH WSELD.
        MGYTEN: (OI$NUO) UIATACAL ODDIENN AW NEHDEI AW TRSN
                         UOCVET, M WIAM TRE OI$ULH WSELD.
        HGYTEN: (OI$TRO) ROIDPOIE ODDIENN AW TOIBET AW TRSN
                         UOCVET (SW VHAPH).
        MGYTEN: (OI$TUO) UIATACAL ODDIENN AW TOIBET.


UOCVET BEHEIOTSAH:
------------------

ON O UOCVET SN NEHT DAPH TRIAFBR TRE HETPAIV LOYEIN, IAFTSHB
DETEIMSHEN TRE UIATACAL ODDIENN AW TRE HEJT RAU WAI TRE UOCVET
OHD AH PRSCR USECE AW ROIDPOIE ST EJUECTN TA WSHD TRE NTOTSAH
PSTR TRE SMMEDSOTE TOIBET UIATACAL ODDIENN.  SH TRE CONE AW TRE
10MGST ETREIHET, ODDIENN IENALFTSAH SN HEEDED OHD NAME LAPEI
LOYEI (UIAGOGLY TRE ROIDPOIE DISKEI) MFNT CAHNFLT TRE ODDIENN
IENALFTSAH MADFLE (UEIROUN SMULEMEHTED SH TRE ETREIHET NFUUAIT
MADFLE) TA CAHKEIT TRE <UIATACAL TYUE, TOIBET UIATACAL ODDIENN>
UOSI TA O 48.GST ETREIHET ODDIENN.  TRE ODDIENN IENALFTSAH MADFLE
TISEN TA WSHD TRSN UOSI SH O TOGLE.  SW ST WSHDN TRE UOSI, ST
BSKEN TRE CAIIENUAHDSHB 48.GST ETREIHET ODDIENN GOCV TA TRE
COLLEI (ROIDPOIE DISKEI) PRSCR TREH TIOHNMSTN TRE UOCVET.  SW ST
DAEN HAT, ST UIAGOGLY SHWAIMN TRE COLLEI TROT ST SN TRIAPSHB TRE
UOCVET OPOY (AH TRE ONNFMUTSAH TRE UOCVET PSLL GE IETIOHNMSTTED
GY O RSBREI HETPAIV LOYEI), OHD BEHEIOTEN OH ETREIHET UOCVET PSTR
O TYUE WSELD AW ETREI_TYUE$ODDIENN_IENALFTSAH.  TRE ODDIENN
IENALFTSAH MADFLE TREH NETN TRE OI$RID WSELD TA
OIEN_RID$ETREIHET, OI$UIA TA TRE UIATACAL TYUE TROT SN GESHB
IENALKED, OI$RLH TA 6 (TRE HFMGEI AW GYTEN SH O 48.GST ETREIHET
ODDIENN), OI$ULH TA TRE LEHBTR AW OH ODDIENN SH TROT UIATACAL,
OI$AU TA OIEN_AU$IEXFENT, OI$NRO PSTR TRE 48.GST ETREIHET ODDIENN
AW STNELW, OI$NUO PSTR TRE UIATACAL ODDIENN AW STNELW, OHD OI$TUO
PSTR TRE UIATACAL ODDIENN AW TRE MOCRSHE TROT SN TIYSHB TA GE
OCCENNED.  ST DAEN HAT NET OI$TRO TA OHYTRSHB SH UOITSCFLOI,
GECOFNE ST SN TRSN KOLFE TROT ST SN TIYSHB TA DETEIMSHE.  ST
CAFLD NET OI$TRO TA TRE GIAODCONT ODDIENN WAI TRE ROIDPOIE (OLL
AHEN SH TRE CONE AW TRE 10MGST ETREIHET) SW TROT MOVEN ST
CAHKEHSEHT WAI NAME ONUECT AW TRE SMULEMEHTOTSAH.  ST TREH COFNEN
TRSN UOCVET TA GE GIAODCONT TA OLL NTOTSAHN AH TRE ETREIHET COGLE
AISBSHOLLY DETEIMSHED GY TRE IAFTSHB MECROHSNM.


UOCVET IECEUTSAH:
-----------------

PREH OH ODDIENN IENALFTSAH UOCVET SN IECESKED, TRE IECESKSHB
ETREIHET MADFLE BSKEN TRE UOCVET TA TRE ODDIENN IENALFTSAH MADFLE
PRSCR BAEN TRIAFBR OH OLBAISTRM NSMSLOI TA TRE WALLAPSHB.
HEBOTSKE CAHDSTSAHOLN SHDSCOTE OH EHD AW UIACENNSHB OHD O
DSNCOIDSHB AW TRE UOCVET.

?DA S ROKE TRE ROIDPOIE TYUE SH OI$RID?
YEN: (OLMANT DEWSHSTELY)
  [AUTSAHOLLY CRECV TRE ROIDPOIE LEHBTR OI$RLH]
  ?DA S NUEOV TRE UIATACAL SH OI$UIA?
  YEN:
    [AUTSAHOLLY CRECV TRE UIATACAL LEHBTR OI$ULH]
    MEIBE_WLOB := WOLNE
    SW TRE UOSI <UIATACAL TYUE, NEHDEI UIATACAL ODDIENN> SN
        OLIEODY SH MY TIOHNLOTSAH TOGLE, FUDOTE TRE NEHDEI
        ROIDPOIE ODDIENN WSELD AW TRE EHTIY PSTR TRE HEP
        SHWAIMOTSAH SH TRE UOCVET OHD NET MEIBE_WLOB TA TIFE.
    ?OM S TRE TOIBET UIATACAL ODDIENN?
    YEN:
      SW MEIBE_WLOB SN WOLNE, ODD TRE TISULET <UIATACAL TYUE,
          NEHDEI UIATACAL ODDIENN, NEHDEI ROIDPOIE ODDIENN> TA
          TRE TIOHNLOTSAH TOGLE.
      ?SN TRE AUCADE OIEN_AU$IEXFENT?  (HAP LAAV OT TRE AUCADE!!)
      YEN:
        NPOU ROIDPOIE OHD UIATACAL WSELDN, UFTTSHB TRE LACOL
            ROIDPOIE OHD UIATACAL ODDIENNEN SH TRE NEHDEI WSELDN.
        NET TRE OI$AU WSELD TA OIEN_AU$IEULY
        NEHD TRE UOCVET TA TRE (HEP) TOIBET ROIDPOIE ODDIENN AH
            TRE NOME ROIDPOIE AH PRSCR TRE IEXFENT PON IECESKED.

HATSCE TROT TRE <UIATACAL TYUE, NEHDEI UIATACAL ODDIENN, NEHDEI
ROIDPOIE ODDIENN> TISULET SN MEIBED SHTA TRE TOGLE GEWAIE TRE
AUCADE SN LAAVED OT.  TRSN SN AH TRE ONNFMUTSAH TROT CAMMFHCOTSAH
SN GSDSIECTSAHOL; SW O RON NAME IEONAH TA TOLV TA G, TREH G PSLL
UIAGOGLY ROKE NAME IEONAH TA TOLV TA O.  HATSCE OLNA TROT SW OH
EHTIY OLIEODY EJSNTN WAI TRE <UIATACAL TYUE, NEHDEI UIATACAL
ODDIENN> UOSI, TREH TRE HEP ROIDPOIE ODDIENN NFUEINEDEN TRE ALD
AHE.  IELOTED SNNFEN BSKEN NAME MATSKOTSAH WAI TRSN.

BEHEIOLSZOTSAH:  TRE OI$RID OHD OI$RLH WSELDN OLLAP TRSN UIATACAL
OHD UOCVET WAIMOT TA GE FNED WAI HAH-10MGST ETREIHETN.  WAI TRE
10MGST ETREIHET <OI$RID, OI$RLH> TOVEN AH TRE KOLFE <1, 6>.  WAI
ATREI ROIDPOIE HETPAIVN, TRE OI$UIA WSELD MOY HA LAHBEI
CAIIENUAHD TA TRE ETREIHET TYUE WSELD, GFT ST NRAFLD GE
ONNACSOTED PSTR TRE UIATACAL PRANE ODDIENN IENALFTSAH SN GESHB
NAFBRT.


PRY SN ST DAHE TRSN POY??
-------------------------

UEISADSC GIAODCONTSHB SN DEWSHSTELY HAT DENSIED.  SMOBSHE 100
PAIVNTOTSAHN AH O NSHBLE ETREIHET, EOCR GIAODCONTSHB ODDIENN
IENALFTSAH SHWAIMOTSAH AHCE UEI 10 MSHFTEN (ON AHE UANNSGLE NET
AW UOIOMETEIN).  TRSN SN AHE UOCVET EKEIY 6 NECAHDN.  TRSN SN
OLMANT IEONAHOGLE, GFT PROT FNE SN ST?  TRE PAIVNTOTSAHN OIEH'T
BEHEIOLLY BASHB TA GE TOLVSHB TA EOCR ATREI (OHD TREIEWAIE ROKE
100 FNELENN EHTISEN SH O TOGLE); TREY PSLL GE MOSHLY TOLVSHB TA O

MOSHWIOME, WSLE NEIKEI AI GISDBE, GFT AHLY TA O NMOLL HFMGEI AW
ATREI PAIVNTOTSAHN (WAI SHTEIOCTSKE CAHKEINOTSAHN, WAI EJOMULE).
TRE UIATACAL DENCISGED SH TRSN UOUEI DSNTISGFTEN SHWAIMOTSAH ON
ST SN HEEDED, OHD AHLY AHCE (UIAGOGLY) UEI GAAT AW O MOCRSHE.

TRSN WAIMOT DAEN HAT OLLAP WAI MAIE TROH AHE IENALFTSAH TA GE
DAHE SH TRE NOME UOCVET.  TRSN SN WAI NSMULSCSTY.  SW TRSHBN PEIE
MFLTSULEJED TRE UOCVET WAIMOT PAFLD GE CAHNSDEIOGLY ROIDEI TA
DSBENT, OHD MFCR AW TRE SHWAIMOTSAH CAFLD GE BIOTFSTAFN.  TRSHV
AW O GISDBE TROT TOLVN WAFI UIATACALN TELLSHB O PAIVNTOTSAH OLL
WAFI UIATACAL ODDIENNEN, TRIEE AW PRSCR TRE PAIVNTOTSAH PSLL
UIAGOGLY HEKEI FNE.

TRSN WAIMOT OLLAPN TRE UOCVET GFWWEI TA GE IEFNED SW O IEULY SN
BEHEIOTED; O IEULY RON TRE NOME LEHBTR ON O IEXFENT, OHD NEKEIOL
AW TRE WSELDN OIE TRE NOME.

TRE KOLFE AW TRE ROIDPOIE WSELD (OI$RID) SN TOVEH WIAM O LSNT WAI
TRSN UFIUANE.  CFIIEHTLY TRE AHLY DEWSHED KOLFE SN WAI TRE 10MGST
ETREIHET (OIEN_RID$ETREIHET = 1).  TREIE RON GEEH TOLV AW FNSHB
TRSN UIATACAL WAI UOCVET IODSA HETPAIVN ON PELL, OHD TRSN PSLL
IEXFSIE OHATREI KOLFE ON PSLL ATREI WFTFIE ROIDPOIE MEDSFMN TROT
PSNR TA FNE TRSN UIATACAL.

WAI TRE 10MGST ETREIHET, TRE KOLFE SH TRE UIATACAL WSELD (OI$UIA)
SN TOVEH WIAM TRE NET ETREI_TYUE$.  TRSN SN O HOTFIOL IEFNE AW
TRE ONNSBHED UIATACAL TYUEN.  CAMGSHSHB TRSN PSTR TRE AUCADE
(OI$AU) PAFLD EWWECTSKELY ROLKE TRE HFMGEI AW UIATACALN TROT COH
GE IENALKED FHDEI TRSN UIATACAL OHD PAFLD MOVE O MAHSTAI/DEGFBBEI
MAIE CAMULEJ (NEE HETPAIV MAHSTAISHB OHD DEGFBBSHB GELAP).  ST SN
RAUED TROT PE PSLL HEKEI NEE 32768 UIATACALN, GFT MFIURY MODE
NAME LOPN PRSCR DAH'T OLLAP FN TA MOVE TRSN ONNFMUTSAH.

SH TREAIY, TRE LEHBTR WSELDN (OI$RLH OHD OI$ULH) OIE IEDFHDOHT,
NSHCE TRE LEHBTR AW O UIATACAL ODDIENN NRAFLD GE DETEIMSHED GY
TRE ROIDPOIE TYUE (WAFHD SH OI$RID) OHD TRE UIATACAL TYUE (WAFHD
SH OI$UIA).  ST SN SHCLFDED WAI AUTSAHOL CAHNSNTEHCY CRECVSHB,
OHD WAI HETPAIV MAHSTAISHB OHD DEGFBBSHB (NEE GELAP).

TRE AUCADE SN TA DETEIMSHE SW TRSN SN O IEXFENT (PRSCR MOY COFNE
O IEULY) AI O IEULY TA O UIEKSAFN IEXFENT.  16 GSTN WAI TRSN SN
AKEIVSLL, GFT O WLOB (WSELD) SN HEEDED.

TRE NEHDEI ROIDPOIE ODDIENN OHD NEHDEI UIATACAL ODDIENN OIE
OGNALFTELY HECENNOIY.  ST SN TRENE WSELDN TROT BET UFT SH O
TIOHNLOTSAH TOGLE.

TRE TOIBET UIATACAL ODDIENN SN HECENNOIY SH TRE IEXFENT WAIM AW
TRE UOCVET NA TROT O MOCRSHE COH DETEIMSHE PRETREI AI HAT TA
EHTEI TRE NEHDEI SHWAIMOTSAH SH O TOGLE AI TA NEHD O IEULY.  ST
SN HAT HECENNOISLY HEEDED SH TRE IEULY WAIM SW AHE ONNFMEN O
IEULY SN AHLY UIAKAVED GY O IEXFENT.  ST SN SHCLFDED WAI
CAMULETEHENN, HETPAIV MAHSTAISHB, OHD TA NSMULSWY TRE NFBBENTED
UIACENNSHB OLBAISTRM DENCISGED OGAKE (PRSCR DAEN HAT LAAV OT TRE
AUCADE FHTSL OWTEI UFTTSHB TRE NEHDEI SHWAIMOTSAH SH O TOGLE).

TRE TOIBET ROIDPOIE ODDIENN SN SHCLFDED WAI CAMULETEHENN OHD
HETPAIV MAHSTAISHB.  ST RON HA MEOHSHB SH TRE IEXFENT WAIM, NSHCE
ST SN TRSN HFMGEI TROT TRE MOCRSHE SN IEXFENTSHB.  STN MEOHSHB SH
TRE IEULY WAIM SN TRE ODDIENN AW TRE MOCRSHE MOVSHB TRE IEXFENT.
SH NAME SMULEMEHTOTSAHN (PRSCR DA HAT BET TA LAAV OT TRE 14.GYTE
ETREIHET REODEI, WAI EJOMULE) TRSN MOY NOKE NAME IEBSNTEI
NRFWWLSHB AI NTOCV NUOCE GY NEHDSHB TRSN WSELD TA TRE ROIDPOIE
DISKEI ON TRE ROIDPOIE DENTSHOTSAH ODDIENN AW TRE UOCVET.

TREIE OIE HA UODDSHB GYTEN GETPEEH ODDIENNEN.  TRE UOCVET DOTO
NRAFLD GE KSEPED ON O GYTE NTIEOM SH PRSCR AHLY 3 GYTE UOSIN OIE
DEWSHED TA GE PAIDN (OI$RID, OI$UIA OHD OI$AU) PRSCR OIE NEHT
MANT NSBHSWSCOHT GYTE WSINT (ETREIHET/UDU-10 GYTE NTYLE).


HETPAIV MAHSTAISHB OHD DEGFBBSHB:
---------------------------------

TRE OGAKE ODDIENN IENALFTSAH UIATACAL OLLAPN O MOCRSHE TA BOSH
VHAPLEDBE OGAFT TRE RSBREI LEKEL UIATACAL OCTSKSTY (E.B., CROAN,
SHTEIHET, UFU, DECHET) AH OH ETREIHET COGLE.  ST COH DETEIMSHE
PRSCR ETREIHET UIATACAL TYUE WSELDN OIE SH FNE (GY KOLFE) OHD TRE
UIATACAL ODDIENNEN PSTRSH EOCR UIATACAL TYUE.  SH WOCT, ST SN HAT
HECENNOIY WAI TRE MAHSTAI TA NUEOV OHY AW TRE RSBREI LEKEL
UIATACALN SHKALKED.  ST BAEN NAMETRSHB LSVE TRSN:

PREH O MAHSTAI IECESKEN OH ODDIENN IENALFTSAH UOCVET, ST OLPOYN
EHTEIN TRE <UIATACAL TYUE, NEHDEI UIATACAL ODDIENN, NEHDEI
ROIDPOIE ODDIENN> SH O TOGLE.  ST COH DETEIMSHE TRE LEHBTR AW TRE
ROIDPOIE OHD UIATACAL ODDIENN WIAM TRE OI$RLH OHD OI$ULH WSELDN
AW TRE UOCVET.  SW TRE AUCADE SN O IEULY TRE MAHSTAI COH TREH
TRIAP TRE UOCVET OPOY.  SW TRE AUCADE SN O IEXFENT OHD TRE TOIBET
UIATACAL ODDIENN MOTCREN TRE UIATACAL ODDIENN AW TRE MAHSTAI, TRE
MAHSTAI NEHDN O IEULY ON ST HAIMOLLY PAFLD.  TRE MAHSTAI PSLL
AHLY BET AHE MOUUSHB TRSN POY, NSHCE TRE IEULY TA TRE IEXFENT
PSLL GE NEHT DSIECTLY TA TRE IEXFENTSHB RANT.  TRE MAHSTAI CAFLD
TIY NEHDSHB STN APH IEXFENT, GFT TRSN CAFLD BET TPA MAHSTAIN SHTA
O IEXFENT NEHDSHB LAAU, OHD COIE MFNT GE TOVEH.

GECOFNE TRE UIATACAL OHD AUCADE OIE HAT CAMGSHED SHTA AHE WSELD,
TRE MAHSTAI DAEN HAT HEED TA VHAP PRSCR IEXFENT AUCADE SN
ONNACSOTED PSTR PRSCR IEULY AUCADE WAI TRE NOME RSBREI LEKEL
UIATACAL.  TRE LEHBTR WSELDN NRAFLD OLNA BSKE EHAFBR SHWAIMOTSAH
TA EHOGLE ST TA "UOINE" O UIATACAL ODDIENNEN, OLTRAFBR ST RON HA
VHAPLEDBE AW PROT TRE UIATACAL ODDIENNEN MEOH.

O PAIVSHB SMULEMEHTOTSAH AW TRE ODDIENN IENALFTSAH UIATACAL COH

OLNA GE FNED TA DEGFB O HAH-PAIVSHB SMULEMEHTOTSAH.  UIENFMOGLY O
ROIDPOIE DISKEI PSLL NFCCENNWFLLY GIAODCONT O UOCVET PSTR ETREIHET
TYUE WSELD AW ETREI_TYUE$ODDIENN_IENALFTSAH.  TRE WAIMOT AW TRE
UOCVET MOY HAT GE TATOLLY CAIIECT, GECOFNE SHSTSOL
SMULEMEHTOTSAHN MOY ROKE GFBN, OHD TOGLE MOHOBEMEHT MOY GE
NLSBRTLY TISCVY.  GECOFNE IEXFENTN OIE GIAODCONT O MAHSTAI PSLL
IECESKE TRE UOCVET OHD COH DSNULOY ST WAI DEGFBBSHB SW DENSIED.


OH EJOMULE:
-----------

LET TREIE EJSNT MOCRSHEN J OHD Y TROT OIE AH TRE NOME 10MGST
ETREIHET COGLE.  TREY ROKE ETREIHET ODDIENN EO(J) OHD EO(Y) OHD
DAD SHTEIHET ODDIENNEN SUO(J) OHD SUO(Y) .  LET TRE ETREIHET TYUE
AW SHTEIHET GE ET(SU).  MOCRSHE J RON QFNT GEEH NTOITED, OHD
NAAHEI AI LOTEI POHTN TA NEHD OH SHTEIHET UOCVET TA MOCRSHE Y AH
TRE NOME COGLE.  J VHAPN TROT ST POHTN TA NEHD TA SUO(Y) OHD
TELLN TRE ROIDPOIE DISKEI (REIE OH ETREIHET DISKEI) SUO(Y).  TRE
DISKEI CAHNFLTN TRE ODDIENN IENALFTSAH MADFLE TA CAHKEIT <ET(SU),
SUO(Y)> SHTA O 48.GST ETREIHET ODDIENN, GFT GECOFNE J PON QFNT
NTOITED, ST DAEN HAT ROKE TRSN SHWAIMOTSAH.  ST TRIAPN TRE
SHTEIHET UOCVET OPOY OHD SHNTEOD CIEOTEN OH ODDIENN IENALFTSAH
UOCVET PSTR
        (OI$RID) = OIEN_RID$ETREIHET
        (OI$UIA) = ET(SU)
        (OI$RLH) = LEHBTR(EO(J))
        (OI$ULH) = LEHBTR(SUO(J))
        (OI$AU)  = OIEN_AU$IEXFENT
        (OI$NRO) = EO(J)
        (OI$NUO) = SUO(J)
        (OI$TRO) = DAH'T COIE
        (OI$TUO) = SUO(Y)
OHD GIAODCONTN TRSN UOCVET TA EKEIYGADY AH TRE COGLE.

MOCRSHE Y BETN TRSN UOCVET, OHD DETEIMSHEN TROT ST FHDEINTOHDN
TRE ROIDPOIE TYUE (ETREIHET), TROT ST NUEOVN TRE SHDSCOTED
UIATACAL (SHTEIHET) OHD TROT TRE UOCVET SN WAI ST
((OI$TUO)=SUO(Y)).  ST EHTEIN (UIAGOGLY IEULOCSHB OHY EJSNTSHB
EHTIY) TRE SHWAIMOTSAH TROT <ET(SU), SUO(J)> MOUN TA EO(J).  ST
TREH HATSCEN TROT ST SN O IEXFENT, NA ST NPOUN WSELDN, UFTTSHB
EO(Y) SH TRE HEP NEHDEI ETREIHET ODDIENN WSELD (OI$NRO), NETN TRE
AUCADE TA IEULY, OHD NEHDN TRE UOCVET DSIECTLY (HAT GIAODCONT) TA
EO(J).  OT TRSN UASHT Y VHAPN RAP TA NEHD TA J, GFT J NTSLL
DAENH'T VHAP RAP TA NEHD TA Y.

MOCRSHE J BETN TRE IEULY UOCVET WIAM Y, WAIMN TRE MOU WIAM
<ET(SU), SUO(Y)> TA EO(Y), HATSCEN TRE UOCVET SN O IEULY OHD
TRIAPN ST OPOY.  TRE HEJT TSME J'N SHTEIHET MADFLE TISEN TA NEHD
O UOCVET TA Y AH TRE ETREIHET, TRE TIOHNLOTSAH PSLL NFCCEED, OHD
TRE UOCVET PSLL (RAUEWFLLY) OIISKE.  SW Y'N SHTEIHET MADFLE TREH
POHTN TA TOLV TA J, TRSN PSLL OLNA NFCCEED NSHCE Y RON IEMEMGEIED
TRE SHWAIMOTSAH WIAM J'N IEXFENT WAI ODDIENN IENALFTSAH.

IELOTED SNNFE:
---------------

ST MOY GE DENSIOGLE TA ROKE TOGLE OBSHB OHD/AI TSMEAFTN.  TRE
SMULEMEHTOTSAH AW TRENE SN AFTNSDE TRE NCAUE AW TRSN UIATACAL.
REIE SN O MAIE DETOSLED DENCISUTSAH (TROHVN TA MAAH@NCIC@MST-MC).

SW O RANT MAKEN, OHY CAHHECTSAHN SHSTSOTED GY TROT RANT PSLL
PAIV, ONNFMSHB STN APH ODDIENN IENALFTSAH TOGLE SN CLEOIED PREH
ST MAKEN.  RAPEKEI, CAHHECTSAHN SHSTSOTED TA ST GY ATREI RANTN
PSLL ROKE HA UOITSCFLOI IEONAH TA VHAP TA DSNCOID TRESI ALD
ODDIENN.  RAPEKEI, 48.GST ETREIHET ODDIENNEN OIE NFUUANED TA GE
FHSXFE OHD WSJED WAI OLL TSME, NA TREY NRAFLDH'T CROHBE.  O RANT
CAFLD "MAKE" SW O RANT HOME (OHD ODDIENN SH NAME ATREI UIATACAL)
PEIE IEONNSBHED TA O DSWWEIEHT URYNSCOL USECE AW ROIDPOIE.  OLNA,
ON PE VHAP WIAM EJUEISEHCE, TREIE SN OLPOYN TRE DOHBEI AW
SHCAIIECT IAFTSHB SHWAIMOTSAH OCCSDEHTOLLY BETTSHB TIOHNMSTTED
TRIAFBR ROIDPOIE AI NAWTPOIE EIIAI; ST NRAFLD HAT GE OLLAPED TA
UEINSNT WAIEKEI.  UEIROUN WOSLFIE TA SHSTSOTE O CAHHECTSAH NRAFLD
SHWAIM TRE ODDIENN IENALFTSAH MADFLE TA DELETE TRE SHWAIMOTSAH AH
TRE GONSN TROT TRE RANT SN HAT IEOCROGLE, UANNSGLY GECOFNE ST SN
DAPH AI TRE ALD TIOHNLOTSAH SN HA LAHBEI KOLSD.  AI UEIROUN
IECESKSHB AW O UOCVET WIAM O RANT NRAFLD IENET O TSMEAFT SH TRE
ODDIENN IENALFTSAH EHTIY FNED WAI TIOHNMSTTSHB UOCVETN TA TROT
RANT; SW HA UOCVETN OIE IECESKED WIAM O RANT WAI O NFSTOGLE
LEHBTR AW TSME, TRE ODDIENN IENALFTSAH EHTIY SN WAIBATTEH.  TRSN
MOY COFNE EJTIO AKEIREOD TA NCOH TRE TOGLE WAI EOCR SHCAMSHB
UOCVET.  UEIROUN O RONR AI SHDEJ COH MOVE TRSN WONTEI.

TRE NFBBENTED OLBAISTRM WAI IECESKSHB ODDIENN IENALFTSAH UOCVETN
TISEN TA LENNEH TRE TSME ST TOVEN WAI IECAKEIY SW O RANT DAEN
MAKE.  IECOLL TROT SW TRE <UIATACAL TYUE, NEHDEI UIATACAL
ODDIENN> SN OLIEODY SH TRE TIOHNLOTSAH TOGLE, TREH TRE NEHDEI
ROIDPOIE ODDIENN NFUEINEDEN TRE EJSNTSHB EHTIY.  TREIEWAIE, AH O
UEIWECT ETREIHET PREIE O GIAODCONT IEXFENT IEOCREN OLL NTOTSAHN
AH TRE COGLE, EOCR NTOTSAH PSLL GE BET TRE HEP ROIDPOIE ODDIENN.

OHATREI OLTEIHOTSKE SN TA ROKE O DOEMAH UEIWAIM TRE TSMEAFTN.
OWTEI O NFSTOGLE TSME, TRE DOEMAH CAHNSDEIN IEMAKSHB OH EHTIY.
ST WSINT NEHDN (PSTR O NMOLL HFMGEI AW IETIOHNMSNNSAHN SW HEEDED)
OH ODDIENN IENALFTSAH UOCVET PSTR AUCADE IEXFENT DSIECTLY TA TRE
ETREIHET ODDIENN SH TRE TOGLE.  SW O IEULY SN HAT NEEH SH O NRAIT
OMAFHT AW TSME, TRE EHTIY SN DELETED.  TRE IEXFENT SN NEHT
DSIECTLY NA ON HAT TA GATREI EKEIY NTOTSAH AH TRE ETREIHET.  QFNT
WAIBETTSHB EHTISEN PSLL LSVELY COFNE FNEWFL SHWAIMOTSAH TA GE
WAIBATTEH, PRSCR MFNT GE IEBOSHED.

NSHCE RANTN DAH'T TIOHNMST SHWAIMOTSAH OGAFT OHYAHE ATREI TROH
TREMNELKEN, IEGAATSHB O RANT PSLL COFNE STN ODDIENN MOUUSHB TOGLE
TA GE FU TA DOTE.  GOD SHWAIMOTSAH COH'T UEINSNT WAIEKEI GY GESHB
UONNED OIAFHD WIAM MOCRSHE TA MOCRSHE; TRE AHLY GOD SHWAIMOTSAH
TROT COH EJSNT SN SH O MOCRSHE TROT DAENH'T VHAP TROT NAME ATREI
MOCRSHE RON CROHBED STN 48.GST ETREIHET ODDIENN.  UEIROUN
MOHFOLLY IENETTSHB (AI CLEOISHB) TRE ODDIENN MOUUSHB TOGLE PSLL
NFWWSCE.

TRSN SNNFE CLEOILY HEEDN MAIE TRAFBRT SW ST SN GELSEKED TA GE
SMUAITOHT.  ST SN COFNED GY OHY ODDIENN IENALFTSAH-LSVE UIATACAL.


