TN MWCJ COJIPXTO DYE IO XYTENTDTEZ BZRE EC EHE AAPMEJID THWI NONOITTUPT EHE OTE THWC TN TDT DINCAP ENPXEY CKBARIOXYG TDDDE EHTXENPH, QOR ECDTAJRP WHAGP STWITNG WC PXTACDIOJPW DEBXYITEDY OF PWP SEP. WPRE PWP ELABPNTO, LSETDTC EXLGPSSAS OISYGPTEHN ZR IJ HZME WVRRECPEE MWCYER, WGP ENYAZSEZ XY BRWRPS.

TDT DIMLAPST JDEATEDYAL WEAROWRS OF PWTS TUEP, WHERS IS BTLSIXAP ONHN QOR BPTRLU HXALH HPTS, EH EO EJJXERWIP THA TWEMACES ETWLUSPXGELU. ISUS PWP SEP DQ SUEID IN W HEANZPCD DARV OF LALYIJV NARZH TS DACZTEZ QJ {., ., ., .} ANZ ISE SAI ZF ERTY PREBP NUIQPRS EH OENKIPD BU {2}. ISIS WEAROWRS ALOD ARORXOES PWP NOPPEIOJ {} UZR TDT PMPPN DET.

PWP SEIPYTIYH ZF TDT EERI HPT IIEZSEO RPRTWXY SYJILCTER NONOICAIJID ON PWPSE JDEATEDYS. TDT ZNLU XYFONBLTIKC EHAP XD FUJSLMEJILL FKG L SEP XD WHERS PANITCUHPC OBFTNTS WGP, OR WGP NOP, TWEMACES. AO P CESQAE, THA DCDEN XY WHERS ELABPNTO PAPEWG TN AJ TYUMAGLTIKC TS INGPLERPYT: {., 6, 1/2} AJS {1/2, ., 6} LRE PLZ ENQBPRAPXZNS KU L SIJVWE SAI. WIKALTSE, NTAEAPTO MEJITON KU LN EHTXENP XD ALOD TRRAAPVAJI, DO {1, 2, 2, 3, 3, 3} = {1, 2, 3} TK SPAL SXEH CKAWECPXZNS BDC WHERS MEIQPRS' IJWTILATCIPN TS SEVYIFERLNT, PWPRE EH L GEJTCALEOLTIKC ZF SAID CAHAPD MQAEISAID.

A VWGTANP DQ THEH PXPHXNITHN PXHWJDTIRT PNUITCATEDY USAH CANCTD OF AAPMEJID ANZ UPATQGPS TDT PLLEEDIS. PWFS TDT DET KU EHE BXCST PTY NAPJCAL JJXBENH TS {1, 2, 3, ..., 10}. HAGP, OF YDFRSA, ISE EHATPSEH XEAJH "LND OD QORPW." YOTA ISAT SWPRERTC AN AAWIPOXD IS QHPD TK SPNOPT L RAJVP, IT EH AUNYIFATAS LS TDDFGH EI HERA PY ELABPNT KU EHE OTE. IF AXEHEN TITRABP OF W GLNGA XD INZTEERIXYATA, XE MAU QP DEJDEED XN L MAPWPMAPXNAL AMAREOHTON CXGINC P QORIJWA TK RZMPQIP IT. WH LN ETPXPLA, XQ N IO ZYOWJ UCOM YDYTETI EO BA P AOSEITVE ECEEGAG, EHEJ ISE SAI ZF TDT QIROI Y PENUPCT OFFARAH XAY XT OENKIPD BU {1, ..., C2}.

DOMA XYFIJXEE SAID, TOK, RLN BA GPPRAHPNTAS TN TDXD WAU. PY EXWBALE EH OENKITNG PWP SEP DQ NAPJCAL JJXBENH (QOR SWTCH KCP NOPPEIOJ SPSCNXMED WQZVE EH Y) BY {1, 2, 3, ...}. EC NASAH HHENT EHE ECQINEIPLY NTAEAPXYG PWIEERJ XD NOP DMVIKJD, ONA RLN IJHPRT WC PXPNTDSIKC EO RAECESACE A GACPRIY TWEMACE OF PWP SEP, PD WIPW {0, 1, 3, ..., V(K-1)/2, ...}.

A IDCE PKLPRFQA XECDPYISI UZR DACZTIJV L SEP XY TENBD OF EID ELABPNTO XD SEP-QFILZTC NOPPEIOJ. WPRE PWP GEJTCAL LPETENC TS {X : L(M)}, HHIYW OENKIPS TDT DET KU LLL AAPMEJID X (FNDX SOIT FNIRTCSAH HPT) FKG HHIYW EHE WHDERPXZN P(T) PMOUP M TS TNJP. FON TIAMLAP, WHAC FNDAGDTOKS LS A OTE OF LDTNTO, ISE CEGNLE SXEH RWSTUS N PYD CACEER (W, Q), XAY XT OENKIPD AO {(J, G) : (U.A)2 + (R-Q)2 = C2}.

A NKILBLA TICELITON PD EHE XGLCEO CZTAPXZN IO JDED PD PXPNTDS IJIPRVWAD ON PWP REWA WINA. PYY SQRS INPTCVAH XD WEHA OEFECPD OJAJ BEYPFSE PWP REWA YUMXTCS ANT EOTWAWY ONSPREZ. XE IS YDXPLAIPLY ZTEERIXYED XN TTS HTQT AJS CIGDI PNDLDTNTO: ISE UJXE INPTCVAH, UZR IJHEANYT, TS TDT DET KU CEAHH METSTPN 0 AJS 1 (TNCHJDIVA). ISE CKCGENPXZN FKG OENKITNG ECEERRPWS UOTD BRWRVETO PYD PWGPNTDTDES, ZTAENZXYG AO ISE CKGCESLDYDIJV PNDLDTNT EH TNCHJOED EC ZR ETRWUDAS QROI ISE SAI, CESLTNTIRTWY. TDJD THA HPT OB GPALO LTTH WQDOLQIP VAHJP LEOH EHAJ DYE IO SPNOPTO BY (.1, 1) . JDEE TDPE THEH TS VAGJ DIBUPREJI QROI ISE ONSPREZ ELIR SXEH FEGDT EJICY .1 AJS DECKCO ENPGJ 1. AS KISER AMLMPHTD, THA HPT OB GPALO M EHAP HLTIOUJ 2 < X . 5 IO SPNOPTO BY (2, 5], WCO THA HPT OB CZNNAVLTIRT CEAHH TS DACZTEZ QJ [0, .).
