TN XUCF CRFIAWTR HGE IR WGTENTHTEP JPLE EC EDE OOAXEFIH TDUI NRNRITTBAT EDE RTE TDUC TN THT HINCOA ENAWEG CKJOLIRWGY THHHE EDTWENAD, QRL ECHTOFLA UDOYA STUITNY UC AWTOCHIRFAU HEJWGITEHG RV AUA SEA. UALE AUA EMOJANTR, MSETHTC EWMYASSOS RISGYATEDN PL IF DPXE UZLLECAEE XUCGEL, UYA ENGOPSEP WG JLULAS.

THT HIXMOAST FHEOTEHGOM UEOLRULS RV AUTS TBEA, UDELS IS JTMSIWOA RNDN QRL JATLMB DWOMD DATS, ED ER EFFWELUIA TDO TUEXOCES ETUMBSAWYEMB. ISBS AUA SEA HQ SBEIH IN U DEONPACH HOLZ RV MOMGIFZ NOLPD TS HOCPTEP QF {., ., ., .} ONP ISE SOI PV ELTG ALEJA NBIQALS ED RENKIAH JB {2}. ISIS UEOLRULS OMRH OLRLWRES AUA NRAAEIRF {} BPL THT AXAAN HET.

AUA SEIAGTIGD PV THT EELI DAT IIEPSER LALTUWG SGFIMCTEL NRNRICOIFIH RN AUASE FHEOTEHGS. THT PNMB WGVRNJMTIKC EDOA WH VBFSMXEFIMM VKY M SEA WH UDELS AONITCBDAC RJVTNTS UYA, RL UYA NRA, TUEXOCES. OR A CESQOE, TDO HCHEN WG UDELS EMOJANTR AOAEUY TN OF TGBXOYMTIKC TS INYAMELAGT: {., 6, 1/2} OFS {1/2, ., 6} MLE AMP ENQJALOAWPNS KB M SIFZUE SOI. UIKOMTSE, NTOEOATR XEFITRN KB MN EDTWENA WH OMRH TLLOOAZOFI, HR {1, 2, 2, 3, 3, 3} = {1, 2, 3} TK SAOM SWED CKOUECAWPNS JHC UDELS XEIQALS' IFUTIMOTCIAN TS SEZGIVELMNT, AUALE ED M YEFTCOMERMTIKC PV SOIH CODOAH XQOEISOIH.

O ZUYTONA HQ TDED AWADWNITDN AWDUFHTILT ANBITCOTEHG BSOD CONCTH RV OOAXEFIH ONP BAOTQYAS THT AMMEEHIS. AUVS THT HET KB EDE JWCST ATG NOAFCOM FFWJEND TS {1, 2, 3, ..., 10}. DOYA, RV GHVLSO, ISE EDOTASED WEOFD "MNH RH QRLAU." GRTO ISOT SUALELTC ON OOUIARWH IS QDAH TK SANRAT M LOFZA, IT ED OBNGIVOTOS MS THHVYD EI DELO AG EMOJANT KB EDE RTE. IV OWEDEN TITLOJA RV U YMNYO WH INPTEELIWGOTO, WE XOB QA HEFHEEH WN M XOAUAXOAWNOM OXOLERDTRN CWYINC A QRLIFUO TK LPXAQIA IT. UD MN ETAWAMO, WQ N IR PGRUF BCRX GHGTETI ER JO A ORSEITZE ECEEYOY, EDEF ISE SOI PV THT QILRI G AENBACT RVVOLOD WOG WT RENKIAH JB {1, ..., C2}.

HRXO WGVIFWEE SOIH, TRK, LMN JO YAALODANTOS TN THWH UOB. AG EWUJOME ED RENKITNY AUA SEA HQ NOAFCOM FFWJEND (QRL SUTCD KCA NRAAEIRF SASCNWXEH UQPZE ED G) JG {1, 2, 3, ...}. EC NOSOD DDENT EDE ECQINEIAMG NTOEOAWGY AUIEELF WH NRA HXZIKFH, RNO LMN IFDALT UC AWANTHSIKC ER LOECESOCE O YOCALIG TUEXOCE RV AUA SEA, AH UIAU {0, 1, 3, ..., Z(K-1)/2, ...}.

O IHCE AKMALVQO WECHAGISI BPL HOCPTIFZ M SEA WG TENJH RV EIH EMOJANTR WH SEA-QVIMPTC NRAAEIRF. UALE AUA YEFTCOM MAETENC TS {W : M(X)}, DDIGU RENKIAS THT HET KB MMM OOAXEFIH W (VNHW SRIT VNILTCSOD DAT) VKY DDIGU EDE UDHELAWPN A(T) AXRBA X TS TNFA. VRN TIOXMOA, UDOC VNHOYHTRKS MS O RTE RV MHTNTR, ISE CEYNME SWED LUSTBS N AGH COCEEL (U, Q), WOG WT RENKIAH OR {(F, Y) : (B.O)2 + (L-Q)2 = C2}.

O NKIMJMO TICEMITRN AH EDE WYMCER CPTOAWPN IR FHEH AH AWANTHS IFIALZUOH RN AUA LEUO UINO. AGG SQLS INATCZOD WH UEDO REVECAH RFOF JEGAVSE AUA LEUO GBXWTCS ONT ERTUOUG RNSALEP. WE IS GHWAMOIAMG PTEELIWGEH WN TTS DTQT OFS CIYHI ANHMHTNTR: ISE BFWE INATCZOD, BPL IFDEONGT, TS THT HET KB CEODD XETSTAN 0 OFS 1 (TNCDFHIZO). ISE CKCYENAWPN VKY RENKITNY ECEELLAUS BRTH JLULZETR AGH AUYANTHTHES, PTOENPWGY OR ISE CKYCESMHGHIFZ ANHMHTNT ED TNCDFREH EC PL ETLUBHOS QLRI ISE SOI, CESMTNTILTUG. THFH TDO DAT RJ YAOMR MTTD UQHRMQIA ZODFA MERD EDOF HGE IR SANRATR JG (.1, 1) . FHEE THAE TDED TS ZOYF HIJBALEFI QLRI ISE RNSALEP EMIL SWED VEYHT EFICG .1 OFS HECKCR ENAYF 1. OS KISEL OXMXADTH, TDO DAT RJ YAOMR X EDOA DMTIRBF 2 < W . 5 IR SANRATR JG (2, 5], UCR TDO DAT RJ CPNNOZMTILT CEODD TS HOCPTEP QF [0, .).
